Archive member included to satisfy reference by file (symbol)

C:/ST/STM32CubeIDE_1.16.1/STM32CubeIDE/plugins/com.st.stm32cube.ide.mcu.externaltools.gnu-tools-for-stm32.12.3.rel1.win32_1.0.200.202406191623/tools/bin/../lib/gcc/arm-none-eabi/12.3.1/../../../../arm-none-eabi/lib/thumb/v7e-m+fp/hard\libc_nano.a(libc_a-exit.o)
                              C:/ST/STM32CubeIDE_1.16.1/STM32CubeIDE/plugins/com.st.stm32cube.ide.mcu.externaltools.gnu-tools-for-stm32.12.3.rel1.win32_1.0.200.202406191623/tools/bin/../lib/gcc/arm-none-eabi/12.3.1/../../../../arm-none-eabi/lib/thumb/v7e-m+fp/hard/crt0.o (exit)
C:/ST/STM32CubeIDE_1.16.1/STM32CubeIDE/plugins/com.st.stm32cube.ide.mcu.externaltools.gnu-tools-for-stm32.12.3.rel1.win32_1.0.200.202406191623/tools/bin/../lib/gcc/arm-none-eabi/12.3.1/../../../../arm-none-eabi/lib/thumb/v7e-m+fp/hard\libc_nano.a(libc_a-malloc.o)
                              ./Middlewares/USB_Host_Library/usbh_cdc.o (malloc)
C:/ST/STM32CubeIDE_1.16.1/STM32CubeIDE/plugins/com.st.stm32cube.ide.mcu.externaltools.gnu-tools-for-stm32.12.3.rel1.win32_1.0.200.202406191623/tools/bin/../lib/gcc/arm-none-eabi/12.3.1/../../../../arm-none-eabi/lib/thumb/v7e-m+fp/hard\libc_nano.a(libc_a-mallocr.o)
                              C:/ST/STM32CubeIDE_1.16.1/STM32CubeIDE/plugins/com.st.stm32cube.ide.mcu.externaltools.gnu-tools-for-stm32.12.3.rel1.win32_1.0.200.202406191623/tools/bin/../lib/gcc/arm-none-eabi/12.3.1/../../../../arm-none-eabi/lib/thumb/v7e-m+fp/hard\libc_nano.a(libc_a-malloc.o) (_malloc_r)
C:/ST/STM32CubeIDE_1.16.1/STM32CubeIDE/plugins/com.st.stm32cube.ide.mcu.externaltools.gnu-tools-for-stm32.12.3.rel1.win32_1.0.200.202406191623/tools/bin/../lib/gcc/arm-none-eabi/12.3.1/../../../../arm-none-eabi/lib/thumb/v7e-m+fp/hard\libc_nano.a(libc_a-mlock.o)
                              C:/ST/STM32CubeIDE_1.16.1/STM32CubeIDE/plugins/com.st.stm32cube.ide.mcu.externaltools.gnu-tools-for-stm32.12.3.rel1.win32_1.0.200.202406191623/tools/bin/../lib/gcc/arm-none-eabi/12.3.1/../../../../arm-none-eabi/lib/thumb/v7e-m+fp/hard\libc_nano.a(libc_a-mallocr.o) (__malloc_lock)
C:/ST/STM32CubeIDE_1.16.1/STM32CubeIDE/plugins/com.st.stm32cube.ide.mcu.externaltools.gnu-tools-for-stm32.12.3.rel1.win32_1.0.200.202406191623/tools/bin/../lib/gcc/arm-none-eabi/12.3.1/../../../../arm-none-eabi/lib/thumb/v7e-m+fp/hard\libc_nano.a(libc_a-findfp.o)
                              C:/ST/STM32CubeIDE_1.16.1/STM32CubeIDE/plugins/com.st.stm32cube.ide.mcu.externaltools.gnu-tools-for-stm32.12.3.rel1.win32_1.0.200.202406191623/tools/bin/../lib/gcc/arm-none-eabi/12.3.1/../../../../arm-none-eabi/lib/thumb/v7e-m+fp/hard\libc_nano.a(libc_a-exit.o) (__stdio_exit_handler)
C:/ST/STM32CubeIDE_1.16.1/STM32CubeIDE/plugins/com.st.stm32cube.ide.mcu.externaltools.gnu-tools-for-stm32.12.3.rel1.win32_1.0.200.202406191623/tools/bin/../lib/gcc/arm-none-eabi/12.3.1/../../../../arm-none-eabi/lib/thumb/v7e-m+fp/hard\libc_nano.a(libc_a-fwalk.o)
                              C:/ST/STM32CubeIDE_1.16.1/STM32CubeIDE/plugins/com.st.stm32cube.ide.mcu.externaltools.gnu-tools-for-stm32.12.3.rel1.win32_1.0.200.202406191623/tools/bin/../lib/gcc/arm-none-eabi/12.3.1/../../../../arm-none-eabi/lib/thumb/v7e-m+fp/hard\libc_nano.a(libc_a-findfp.o) (_fwalk_sglue)
C:/ST/STM32CubeIDE_1.16.1/STM32CubeIDE/plugins/com.st.stm32cube.ide.mcu.externaltools.gnu-tools-for-stm32.12.3.rel1.win32_1.0.200.202406191623/tools/bin/../lib/gcc/arm-none-eabi/12.3.1/../../../../arm-none-eabi/lib/thumb/v7e-m+fp/hard\libc_nano.a(libc_a-sprintf.o)
                              ./Core/Src/main.o (sprintf)
C:/ST/STM32CubeIDE_1.16.1/STM32CubeIDE/plugins/com.st.stm32cube.ide.mcu.externaltools.gnu-tools-for-stm32.12.3.rel1.win32_1.0.200.202406191623/tools/bin/../lib/gcc/arm-none-eabi/12.3.1/../../../../arm-none-eabi/lib/thumb/v7e-m+fp/hard\libc_nano.a(libc_a-stdio.o)
                              C:/ST/STM32CubeIDE_1.16.1/STM32CubeIDE/plugins/com.st.stm32cube.ide.mcu.externaltools.gnu-tools-for-stm32.12.3.rel1.win32_1.0.200.202406191623/tools/bin/../lib/gcc/arm-none-eabi/12.3.1/../../../../arm-none-eabi/lib/thumb/v7e-m+fp/hard\libc_nano.a(libc_a-findfp.o) (__sread)
C:/ST/STM32CubeIDE_1.16.1/STM32CubeIDE/plugins/com.st.stm32cube.ide.mcu.externaltools.gnu-tools-for-stm32.12.3.rel1.win32_1.0.200.202406191623/tools/bin/../lib/gcc/arm-none-eabi/12.3.1/../../../../arm-none-eabi/lib/thumb/v7e-m+fp/hard\libc_nano.a(libc_a-memset.o)
                              C:/ST/STM32CubeIDE_1.16.1/STM32CubeIDE/plugins/com.st.stm32cube.ide.mcu.externaltools.gnu-tools-for-stm32.12.3.rel1.win32_1.0.200.202406191623/tools/bin/../lib/gcc/arm-none-eabi/12.3.1/../../../../arm-none-eabi/lib/thumb/v7e-m+fp/hard/crt0.o (memset)
C:/ST/STM32CubeIDE_1.16.1/STM32CubeIDE/plugins/com.st.stm32cube.ide.mcu.externaltools.gnu-tools-for-stm32.12.3.rel1.win32_1.0.200.202406191623/tools/bin/../lib/gcc/arm-none-eabi/12.3.1/../../../../arm-none-eabi/lib/thumb/v7e-m+fp/hard\libc_nano.a(libc_a-closer.o)
[...]
Memory Configuration

Name             Origin             Length             Attributes
CCMRAM           0x10000000         0x00010000         xrw
RAM              0x20000000         0x00020000         xrw
FLASH            0x08000000         0x00100000         xr
*default*        0x00000000         0xffffffff

Linker script and memory map

LOAD C:/ST/STM32CubeIDE_1.16.1/STM32CubeIDE/plugins/com.st.stm32cube.ide.mcu.externaltools.gnu-tools-for-stm32.12.3.rel1.win32_1.0.200.202406191623/tools/bin/../lib/gcc/arm-none-eabi/12.3.1/thumb/v7e-m+fp/hard/crti.o
LOAD C:/ST/STM32CubeIDE_1.16.1/STM32CubeIDE/plugins/com.st.stm32cube.ide.mcu.externaltools.gnu-tools-for-stm32.12.3.rel1.win32_1.0.200.202406191623/tools/bin/../lib/gcc/arm-none-eabi/12.3.1/thumb/v7e-m+fp/hard/crtbegin.o
LOAD C:/ST/STM32CubeIDE_1.16.1/STM32CubeIDE/plugins/com.st.stm32cube.ide.mcu.externaltools.gnu-tools-for-stm32.12.3.rel1.win32_1.0.200.202406191623/tools/bin/../lib/gcc/arm-none-eabi/12.3.1/../../../../arm-none-eabi/lib/thumb/v7e-m+fp/hard/crt0.o
LOAD ./Core/Src/freertos.o
LOAD ./Core/Src/gpio.o
LOAD ./Core/Src/i2c.o
LOAD ./Core/Src/i2s.o
LOAD ./Core/Src/lis302dl.o
LOAD ./Core/Src/lis3dsh.o
LOAD ./Core/Src/main.o
LOAD ./Core/Src/spi.o
LOAD ./Core/Src/stm32f4_discovery.o
LOAD ./Core/Src/stm32f4_discovery_accelerometer.o
LOAD ./Core/Src/stm32f4xx_hal_msp.o
LOAD ./Core/Src/stm32f4xx_it.o
LOAD ./Core/Src/syscalls.o
LOAD ./Core/Src/sysmem.o
LOAD ./Core/Src/system_stm32f4xx.o
LOAD ./Core/Startup/startup_stm32f407vgtx.o
LOAD ./Drivers/STM32F4xx_HAL_Driver/stm32f4xx_hal.o
LOAD ./Drivers/STM32F4xx_HAL_Driver/stm32f4xx_hal_cortex.o
LOAD ./Drivers/STM32F4xx_HAL_Driver/stm32f4xx_hal_dma.o
LOAD ./Drivers/STM32F4xx_HAL_Driver/stm32f4xx_hal_dma_ex.o
LOAD ./Drivers/STM32F4xx_HAL_Driver/stm32f4xx_hal_exti.o
LOAD ./Drivers/STM32F4xx_HAL_Driver/stm32f4xx_hal_flash.o
LOAD ./Drivers/STM32F4xx_HAL_Driver/stm32f4xx_hal_flash_ex.o
LOAD ./Drivers/STM32F4xx_HAL_Driver/stm32f4xx_hal_flash_ramfunc.o
LOAD ./Drivers/STM32F4xx_HAL_Driver/stm32f4xx_hal_gpio.o
LOAD ./Drivers/STM32F4xx_HAL_Driver/stm32f4xx_hal_hcd.o
LOAD ./Drivers/STM32F4xx_HAL_Driver/stm32f4xx_hal_i2c.o
LOAD ./Drivers/STM32F4xx_HAL_Driver/stm32f4xx_hal_i2c_ex.o
LOAD ./Drivers/STM32F4xx_HAL_Driver/stm32f4xx_hal_i2s.o
LOAD ./Drivers/STM32F4xx_HAL_Driver/stm32f4xx_hal_i2s_ex.o
LOAD ./Drivers/STM32F4xx_HAL_Driver/stm32f4xx_hal_pwr.o
LOAD ./Drivers/STM32F4xx_HAL_Driver/stm32f4xx_hal_pwr_ex.o
LOAD ./Drivers/STM32F4xx_HAL_Driver/stm32f4xx_hal_rcc.o
LOAD ./Drivers/STM32F4xx_HAL_Driver/stm32f4xx_hal_rcc_ex.o
LOAD ./Drivers/STM32F4xx_HAL_Driver/stm32f4xx_hal_spi.o
LOAD ./Drivers/STM32F4xx_HAL_Driver/stm32f4xx_hal_tim.o
LOAD ./Drivers/STM32F4xx_HAL_Driver/stm32f4xx_hal_tim_ex.o
LOAD ./Drivers/STM32F4xx_HAL_Driver/stm32f4xx_ll_usb.o
LOAD ./Middlewares/FreeRTOS/cmsis_os2.o
LOAD ./Middlewares/FreeRTOS/croutine.o
LOAD ./Middlewares/FreeRTOS/event_groups.o
LOAD ./Middlewares/FreeRTOS/heap_4.o
LOAD ./Middlewares/FreeRTOS/list.o
LOAD ./Middlewares/FreeRTOS/port.o
LOAD ./Middlewares/FreeRTOS/queue.o
LOAD ./Middlewares/FreeRTOS/stream_buffer.o
LOAD ./Middlewares/FreeRTOS/tasks.o
LOAD ./Middlewares/FreeRTOS/timers.o
LOAD ./Middlewares/USB_Host_Library/usbh_cdc.o
LOAD ./Middlewares/USB_Host_Library/usbh_core.o
LOAD ./Middlewares/USB_Host_Library/usbh_ctlreq.o
LOAD ./Middlewares/USB_Host_Library/usbh_ioreq.o
LOAD ./Middlewares/USB_Host_Library/usbh_pipes.o
LOAD ./USB_HOST/App/usb_host.o
LOAD ./USB_HOST/Target/usbh_conf.o
LOAD ./USB_HOST/Target/usbh_platform.o
START GROUP
LOAD C:/ST/STM32CubeIDE_1.16.1/STM32CubeIDE/plugins/com.st.stm32cube.ide.mcu.externaltools.gnu-tools-for-stm32.12.3.rel1.win32_1.0.200.202406191623/tools/bin/../lib/gcc/arm-none-eabi/12.3.1/../../../../arm-none-eabi/lib/thumb/v7e-m+fp/hard\libc_nano.a
LOAD C:/ST/STM32CubeIDE_1.16.1/STM32CubeIDE/plugins/com.st.stm32cube.ide.mcu.externaltools.gnu-tools-for-stm32.12.3.rel1.win32_1.0.200.202406191623/tools/bin/../lib/gcc/arm-none-eabi/12.3.1/../../../../arm-none-eabi/lib/thumb/v7e-m+fp/hard\libm.a
END GROUP
START GROUP
LOAD C:/ST/STM32CubeIDE_1.16.1/STM32CubeIDE/plugins/com.st.stm32cube.ide.mcu.externaltools.gnu-tools-for-stm32.12.3.rel1.win32_1.0.200.202406191623/tools/bin/../lib/gcc/arm-none-eabi/12.3.1/thumb/v7e-m+fp/hard\libgcc.a
LOAD C:/ST/STM32CubeIDE_1.16.1/STM32CubeIDE/plugins/com.st.stm32cube.ide.mcu.externaltools.gnu-tools-for-stm32.12.3.rel1.win32_1.0.200.202406191623/tools/bin/../lib/gcc/arm-none-eabi/12.3.1/../../../../arm-none-eabi/lib/thumb/v7e-m+fp/hard\libc_nano.a
END GROUP
START GROUP
LOAD C:/ST/STM32CubeIDE_1.16.1/STM32CubeIDE/plugins/com.st.stm32cube.ide.mcu.externaltools.gnu-tools-for-stm32.12.3.rel1.win32_1.0.200.202406191623/tools/bin/../lib/gcc/arm-none-eabi/12.3.1/thumb/v7e-m+fp/hard\libgcc.a
LOAD C:/ST/STM32CubeIDE_1.16.1/STM32CubeIDE/plugins/com.st.stm32cube.ide.mcu.externaltools.gnu-tools-for-stm32.12.3.rel1.win32_1.0.200.202406191623/tools/bin/../lib/gcc/arm-none-eabi/12.3.1/../../../../arm-none-eabi/lib/thumb/v7e-m+fp/hard\libc_nano.a
LOAD C:/ST/STM32CubeIDE_1.16.1/STM32CubeIDE/plugins/com.st.stm32cube.ide.mcu.externaltools.gnu-tools-for-stm32.12.3.rel1.win32_1.0.200.202406191623/tools/bin/../lib/gcc/arm-none-eabi/12.3.1/../../../../arm-none-eabi/lib/thumb/v7e-m+fp/hard\libnosys.a
END GROUP
START GROUP
LOAD C:/ST/STM32CubeIDE_1.16.1/STM32CubeIDE/plugins/com.st.stm32cube.ide.mcu.externaltools.gnu-tools-for-stm32.12.3.rel1.win32_1.0.200.202406191623/tools/bin/../lib/gcc/arm-none-eabi/12.3.1/thumb/v7e-m+fp/hard\libgcc.a
LOAD C:/ST/STM32CubeIDE_1.16.1/STM32CubeIDE/plugins/com.st.stm32cube.ide.mcu.externaltools.gnu-tools-for-stm32.12.3.rel1.win32_1.0.200.202406191623/tools/bin/../lib/gcc/arm-none-eabi/12.3.1/../../../../arm-none-eabi/lib/thumb/v7e-m+fp/hard\libc_nano.a
LOAD C:/ST/STM32CubeIDE_1.16.1/STM32CubeIDE/plugins/com.st.stm32cube.ide.mcu.externaltools.gnu-tools-for-stm32.12.3.rel1.win32_1.0.200.202406191623/tools/bin/../lib/gcc/arm-none-eabi/12.3.1/../../../../arm-none-eabi/lib/thumb/v7e-m+fp/hard\libnosys.a
END GROUP
LOAD C:/ST/STM32CubeIDE_1.16.1/STM32CubeIDE/plugins/com.st.stm32cube.ide.mcu.externaltools.gnu-tools-for-stm32.12.3.rel1.win32_1.0.200.202406191623/tools/bin/../lib/gcc/arm-none-eabi/12.3.1/thumb/v7e-m+fp/hard/crtend.o
LOAD C:/ST/STM32CubeIDE_1.16.1/STM32CubeIDE/plugins/com.st.stm32cube.ide.mcu.externaltools.gnu-tools-for-stm32.12.3.rel1.win32_1.0.200.202406191623/tools/bin/../lib/gcc/arm-none-eabi/12.3.1/thumb/v7e-m+fp/hard/crtn.o
                0x20020000                        _estack = (ORIGIN (RAM) + LENGTH (RAM))
                0x00000200                        _Min_Heap_Size = 0x200
                0x00000400                        _Min_Stack_Size = 0x400

.isr_vector     0x08000000      0x188
                0x08000000                        . = ALIGN (0x4)
 *(.isr_vector)
 .isr_vector    0x08000000      0x188 ./Core/Startup/startup_stm32f407vgtx.o
                0x08000000                g_pfnVectors
                0x08000188                        . = ALIGN (0x4)

.text           0x08000190     0x7be4
                0x08000190                        . = ALIGN (0x4)
 *(.text)
 .text          0x08000190       0x40 C:/ST/STM32CubeIDE_1.16.1/STM32CubeIDE/plugins/com.st.stm32cube.ide.mcu.externaltools.gnu-tools-for-stm32.12.3.rel1.win32_1.0.200.202406191623/tools/bin/../lib/gcc/arm-none-eabi/12.3.1/thumb/v7e-m+fp/hard/crtbegin.o
 .text          0x080001d0       0xa0 C:/ST/STM32CubeIDE_1.16.1/STM32CubeIDE/plugins/com.st.stm32cube.ide.mcu.externaltools.gnu-tools-for-stm32.12.3.rel1.win32_1.0.200.202406191623/tools/bin/../lib/gcc/arm-none-eabi/12.3.1/../../../../arm-none-eabi/lib/thumb/v7e-m+fp/hard\libc_nano.a(libc_a-memchr.o)
                0x080001d0                memchr
 .text          0x08000270       0x30 C:/ST/STM32CubeIDE_1.16.1/STM32CubeIDE/plugins/com.st.stm32cube.ide.mcu.externaltools.gnu-tools-for-stm32.12.3.rel1.win32_1.0.200.202406191623/tools/bin/../lib/gcc/arm-none-eabi/12.3.1/thumb/v7e-m+fp/hard\libgcc.a(_aeabi_uldivmod.o)
                0x08000270                __aeabi_uldivmod
 .text          0x080002a0      0x2bc C:/ST/STM32CubeIDE_1.16.1/STM32CubeIDE/plugins/com.st.stm32cube.ide.mcu.externaltools.gnu-tools-for-stm32.12.3.rel1.win32_1.0.200.202406191623/tools/bin/../lib/gcc/arm-none-eabi/12.3.1/thumb/v7e-m+fp/hard\libgcc.a(_udivmoddi4.o)
                0x080002a0                __udivmoddi4
 .text          0x0800055c        0x4 C:/ST/STM32CubeIDE_1.16.1/STM32CubeIDE/plugins/com.st.stm32cube.ide.mcu.externaltools.gnu-tools-for-stm32.12.3.rel1.win32_1.0.200.202406191623/tools/bin/../lib/gcc/arm-none-eabi/12.3.1/thumb/v7e-m+fp/hard\libgcc.a(_dvmd_tls.o)
                0x0800055c                __aeabi_idiv0
                0x0800055c                __aeabi_ldiv0
 *(.text*)
 .text.MX_GPIO_Init
                0x08000560      0x1fc ./Core/Src/gpio.o
                0x08000560                MX_GPIO_Init
 .text.MX_I2C1_Init
                0x0800075c       0x5c ./Core/Src/i2c.o
                0x0800075c                MX_I2C1_Init
 .text.HAL_I2C_MspInit
                0x080007b8       0x90 ./Core/Src/i2c.o
                0x080007b8                HAL_I2C_MspInit
 .text.MX_I2S3_Init
                0x08000848       0x60 ./Core/Src/i2s.o
                0x08000848                MX_I2S3_Init
 .text.HAL_I2S_MspInit
                0x080008a8      0x100 ./Core/Src/i2s.o
                0x080008a8                HAL_I2S_MspInit
 .text.LIS302DL_Init
                0x080009a8       0x2e ./Core/Src/lis302dl.o
                0x080009a8                LIS302DL_Init
 .text.LIS302DL_DeInit
                0x080009d6        0xe ./Core/Src/lis302dl.o
                0x080009d6                LIS302DL_DeInit
 .text.LIS302DL_ReadID
                0x080009e4       0x24 ./Core/Src/lis302dl.o
                0x080009e4                LIS302DL_ReadID
 .text.LIS302DL_FilterConfig
                0x08000a08       0x46 ./Core/Src/lis302dl.o
                0x08000a08                LIS302DL_FilterConfig
 .text.LIS302DL_InterruptConfig
                0x08000a4e       0x46 ./Core/Src/lis302dl.o
                0x08000a4e                LIS302DL_InterruptConfig
 .text.LIS302DL_Click_IntConfig
                0x08000a94       0xaa ./Core/Src/lis302dl.o
                0x08000a94                LIS302DL_Click_IntConfig
 .text.LIS302DL_Click_IntClear
                0x08000b3e       0x2c ./Core/Src/lis302dl.o
                0x08000b3e                LIS302DL_Click_IntClear
 .text.LIS302DL_RebootCmd
                0x08000b6a       0x30 ./Core/Src/lis302dl.o
                0x08000b6a                LIS302DL_RebootCmd
 .text.LIS302DL_ReadACC
                0x08000b9a       0xb2 ./Core/Src/lis302dl.o
                0x08000b9a                LIS302DL_ReadACC
 .text.LIS3DSH_Init
                0x08000c4c       0x46 ./Core/Src/lis3dsh.o
                0x08000c4c                LIS3DSH_Init
 .text.LIS3DSH_DeInit
                0x08000c92        0xe ./Core/Src/lis3dsh.o
                0x08000c92                LIS3DSH_DeInit
 .text.LIS3DSH_ReadID
                0x08000ca0       0x24 ./Core/Src/lis3dsh.o
                0x08000ca0                LIS3DSH_ReadID
 .text.LIS3DSH_InterruptConfig
                0x08000cc4       0x70 ./Core/Src/lis3dsh.o
                0x08000cc4                LIS3DSH_InterruptConfig
 .text.LIS3DSH_Click_IntConfig
                0x08000d34       0xde ./Core/Src/lis3dsh.o
                0x08000d34                LIS3DSH_Click_IntConfig
 .text.LIS3DSH_RebootCmd
                0x08000e12       0x30 ./Core/Src/lis3dsh.o
                0x08000e12                LIS3DSH_RebootCmd
 *fill*         0x08000e42        0x2 
 .text.LIS3DSH_ReadACC
                0x08000e44      0x1b4 ./Core/Src/lis3dsh.o
                0x08000e44                LIS3DSH_ReadACC
 .text.main     0x08000ff8       0x7c ./Core/Src/main.o
                0x08000ff8                main
 .text.SystemClock_Config
                0x08001074       0xd4 ./Core/Src/main.o
                0x08001074                SystemClock_Config
 .text.Error_Handler
                0x08001148        0xc ./Core/Src/main.o
                0x08001148                Error_Handler
 .text.MX_SPI1_Init
                0x08001154       0x6c ./Core/Src/spi.o
                0x08001154                MX_SPI1_Init
 .text.HAL_SPI_MspInit
                0x080011c0       0x90 ./Core/Src/spi.o
                0x080011c0                HAL_SPI_MspInit
 .text.HAL_SPI_MspDeInit
                0x08001250       0x3c ./Core/Src/spi.o
                0x08001250                HAL_SPI_MspDeInit
 .text.SPIx_Init
                0x0800128c       0x74 ./Core/Src/stm32f4_discovery.o
 .text.SPIx_WriteRead
                0x08001300       0x40 ./Core/Src/stm32f4_discovery.o
 .text.SPIx_Error
                0x08001340       0x18 ./Core/Src/stm32f4_discovery.o
 .text.SPIx_MspInit
                0x08001358       0x70 ./Core/Src/stm32f4_discovery.o
 .text.ACCELERO_IO_Init
                0x080013c8       0x5c ./Core/Src/stm32f4_discovery.o
                0x080013c8                ACCELERO_IO_Init
 .text.ACCELERO_IO_ITConfig
                0x08001424       0x60 ./Core/Src/stm32f4_discovery.o
                0x08001424                ACCELERO_IO_ITConfig
 .text.ACCELERO_IO_Write
                0x08001484       0x64 ./Core/Src/stm32f4_discovery.o
                0x08001484                ACCELERO_IO_Write
 .text.ACCELERO_IO_Read
                0x080014e8       0x74 ./Core/Src/stm32f4_discovery.o
                0x080014e8                ACCELERO_IO_Read
 .text.BSP_ACCELERO_Init
                0x0800155c      0x118 ./Core/Src/stm32f4_discovery_accelerometer.o
                0x0800155c                BSP_ACCELERO_Init
 .text.BSP_ACCELERO_GetXYZ
                0x08001674       0x58 ./Core/Src/stm32f4_discovery_accelerometer.o
                0x08001674                BSP_ACCELERO_GetXYZ
 .text.HAL_MspInit
                0x080016cc       0x58 ./Core/Src/stm32f4xx_hal_msp.o
                0x080016cc                HAL_MspInit
 .text.NMI_Handler
                0x08001724        0x8 ./Core/Src/stm32f4xx_it.o
                0x08001724                NMI_Handler
 .text.HardFault_Handler
                0x0800172c        0x8 ./Core/Src/stm32f4xx_it.o
                0x0800172c                HardFault_Handler
 .text.MemManage_Handler
                0x08001734        0x8 ./Core/Src/stm32f4xx_it.o
                0x08001734                MemManage_Handler
 .text.BusFault_Handler
                0x0800173c        0x8 ./Core/Src/stm32f4xx_it.o
                0x0800173c                BusFault_Handler
 .text.UsageFault_Handler
                0x08001744        0x8 ./Core/Src/stm32f4xx_it.o
                0x08001744                UsageFault_Handler
 .text.DebugMon_Handler
                0x0800174c        0xe ./Core/Src/stm32f4xx_it.o
                0x0800174c                DebugMon_Handler
 .text.SysTick_Handler
                0x0800175a       0x1a ./Core/Src/stm32f4xx_it.o
                0x0800175a                SysTick_Handler
 .text.OTG_FS_IRQHandler
                0x08001774       0x14 ./Core/Src/stm32f4xx_it.o
                0x08001774                OTG_FS_IRQHandler
 .text._sbrk    0x08001788       0x6c ./Core/Src/sysmem.o
                0x08001788                _sbrk
 .text.SystemInit
                0x080017f4       0x24 ./Core/Src/system_stm32f4xx.o
                0x080017f4                SystemInit
 .text.Reset_Handler
                0x08001818       0x50 ./Core/Startup/startup_stm32f407vgtx.o
                0x08001818                Reset_Handler
 .text.Default_Handler
                0x08001868        0x2 ./Core/Startup/startup_stm32f407vgtx.o
                0x08001868                RTC_Alarm_IRQHandler
                0x08001868                HASH_RNG_IRQHandler
                0x08001868                EXTI2_IRQHandler
                0x08001868                TIM8_CC_IRQHandler
                0x08001868                TIM1_CC_IRQHandler
                0x08001868                DMA2_Stream5_IRQHandler
                0x08001868                DMA1_Stream5_IRQHandler
                0x08001868                PVD_IRQHandler
                0x08001868                SDIO_IRQHandler
                0x08001868                TAMP_STAMP_IRQHandler
                0x08001868                CAN2_RX1_IRQHandler
                0x08001868                EXTI3_IRQHandler
                0x08001868                TIM8_TRG_COM_TIM14_IRQHandler
                0x08001868                TIM1_UP_TIM10_IRQHandler
                0x08001868                TIM8_UP_TIM13_IRQHandler
                0x08001868                I2C3_ER_IRQHandler
                0x08001868                EXTI0_IRQHandler
                0x08001868                I2C2_EV_IRQHandler
                0x08001868                DMA1_Stream2_IRQHandler
                0x08001868                CAN1_RX0_IRQHandler
                0x08001868                FPU_IRQHandler
                0x08001868                OTG_HS_WKUP_IRQHandler
                0x08001868                CAN2_SCE_IRQHandler
                0x08001868                DMA2_Stream2_IRQHandler
                0x08001868                SPI1_IRQHandler
                0x08001868                TIM6_DAC_IRQHandler
                0x08001868                TIM1_BRK_TIM9_IRQHandler
                0x08001868                DCMI_IRQHandler
                0x08001868                CAN2_RX0_IRQHandler
                0x08001868                DMA2_Stream3_IRQHandler
                0x08001868                USART6_IRQHandler
                0x08001868                USART3_IRQHandler
                0x08001868                CAN1_RX1_IRQHandler
                0x08001868                UART5_IRQHandler
                0x08001868                DMA2_Stream0_IRQHandler
                0x08001868                TIM4_IRQHandler
                0x08001868                I2C1_EV_IRQHandler
                0x08001868                DMA1_Stream6_IRQHandler
                0x08001868                DMA1_Stream1_IRQHandler
                0x08001868                UART4_IRQHandler
                0x08001868                TIM3_IRQHandler
                0x08001868                RCC_IRQHandler
                0x08001868                TIM8_BRK_TIM12_IRQHandler
                0x08001868                Default_Handler
                0x08001868                EXTI15_10_IRQHandler
                0x08001868                ADC_IRQHandler
                0x08001868                DMA1_Stream7_IRQHandler
                0x08001868                TIM7_IRQHandler
                0x08001868                CAN2_TX_IRQHandler
                0x08001868                TIM5_IRQHandler
                0x08001868                DMA2_Stream7_IRQHandler
                0x08001868                I2C3_EV_IRQHandler
                0x08001868                EXTI9_5_IRQHandler
                0x08001868                RTC_WKUP_IRQHandler
                0x08001868                ETH_WKUP_IRQHandler
                0x08001868                SPI2_IRQHandler
                0x08001868                OTG_HS_EP1_IN_IRQHandler
                0x08001868                DMA1_Stream0_IRQHandler
                0x08001868                CAN1_TX_IRQHandler
                0x08001868                EXTI4_IRQHandler
                0x08001868                FSMC_IRQHandler
                0x08001868                ETH_IRQHandler
                0x08001868                OTG_HS_EP1_OUT_IRQHandler
                0x08001868                WWDG_IRQHandler
                0x08001868                TIM2_IRQHandler
                0x08001868                OTG_FS_WKUP_IRQHandler
                0x08001868                TIM1_TRG_COM_TIM11_IRQHandler
                0x08001868                OTG_HS_IRQHandler
                0x08001868                EXTI1_IRQHandler
                0x08001868                USART2_IRQHandler
                0x08001868                I2C2_ER_IRQHandler
                0x08001868                DMA2_Stream1_IRQHandler
                0x08001868                CAN1_SCE_IRQHandler
                0x08001868                FLASH_IRQHandler
                0x08001868                DMA2_Stream4_IRQHandler
                0x08001868                USART1_IRQHandler
                0x08001868                SPI3_IRQHandler
                0x08001868                DMA1_Stream4_IRQHandler
                0x08001868                I2C1_ER_IRQHandler
                0x08001868                DMA2_Stream6_IRQHandler
                0x08001868                DMA1_Stream3_IRQHandler
 *fill*         0x0800186a        0x2 
 .text.HAL_Init
                0x0800186c       0x44 ./Drivers/STM32F4xx_HAL_Driver/stm32f4xx_hal.o
                0x0800186c                HAL_Init
 .text.HAL_InitTick
                0x080018b0       0x60 ./Drivers/STM32F4xx_HAL_Driver/stm32f4xx_hal.o
                0x080018b0                HAL_InitTick
 .text.HAL_IncTick
                0x08001910       0x28 ./Drivers/STM32F4xx_HAL_Driver/stm32f4xx_hal.o
                0x08001910                HAL_IncTick
 .text.HAL_GetTick
                0x08001938       0x18 ./Drivers/STM32F4xx_HAL_Driver/stm32f4xx_hal.o
                0x08001938                HAL_GetTick
 .text.HAL_Delay
                0x08001950       0x48 ./Drivers/STM32F4xx_HAL_Driver/stm32f4xx_hal.o
                0x08001950                HAL_Delay
 .text.__NVIC_SetPriorityGrouping
                0x08001998       0x48 ./Drivers/STM32F4xx_HAL_Driver/stm32f4xx_hal_cortex.o
 .text.__NVIC_GetPriorityGrouping
                0x080019e0       0x1c ./Drivers/STM32F4xx_HAL_Driver/stm32f4xx_hal_cortex.o
 .text.__NVIC_EnableIRQ
                0x080019fc       0x3c ./Drivers/STM32F4xx_HAL_Driver/stm32f4xx_hal_cortex.o
 .text.__NVIC_SetPriority
                0x08001a38       0x54 ./Drivers/STM32F4xx_HAL_Driver/stm32f4xx_hal_cortex.o
 .text.NVIC_EncodePriority
                0x08001a8c       0x66 ./Drivers/STM32F4xx_HAL_Driver/stm32f4xx_hal_cortex.o
 *fill*         0x08001af2        0x2 
 .text.SysTick_Config
                0x08001af4       0x44 ./Drivers/STM32F4xx_HAL_Driver/stm32f4xx_hal_cortex.o
 .text.HAL_NVIC_SetPriorityGrouping
                0x08001b38       0x16 ./Drivers/STM32F4xx_HAL_Driver/stm32f4xx_hal_cortex.o
                0x08001b38                HAL_NVIC_SetPriorityGrouping
 .text.HAL_NVIC_SetPriority
                0x08001b4e       0x38 ./Drivers/STM32F4xx_HAL_Driver/stm32f4xx_hal_cortex.o
                0x08001b4e                HAL_NVIC_SetPriority
 .text.HAL_NVIC_EnableIRQ
                0x08001b86       0x1c ./Drivers/STM32F4xx_HAL_Driver/stm32f4xx_hal_cortex.o
                0x08001b86                HAL_NVIC_EnableIRQ
 .text.HAL_SYSTICK_Config
                0x08001ba2       0x18 ./Drivers/STM32F4xx_HAL_Driver/stm32f4xx_hal_cortex.o
                0x08001ba2                HAL_SYSTICK_Config
 *fill*         0x08001bba        0x2 
 .text.HAL_GPIO_Init
                0x08001bbc      0x338 ./Drivers/STM32F4xx_HAL_Driver/stm32f4xx_hal_gpio.o
                0x08001bbc                HAL_GPIO_Init
 .text.HAL_GPIO_DeInit
                0x08001ef4      0x1f8 ./Drivers/STM32F4xx_HAL_Driver/stm32f4xx_hal_gpio.o
                0x08001ef4                HAL_GPIO_DeInit
 .text.HAL_GPIO_ReadPin
                0x080020ec       0x30 ./Drivers/STM32F4xx_HAL_Driver/stm32f4xx_hal_gpio.o
                0x080020ec                HAL_GPIO_ReadPin
 .text.HAL_GPIO_WritePin
                0x0800211c       0x32 ./Drivers/STM32F4xx_HAL_Driver/stm32f4xx_hal_gpio.o
                0x0800211c                HAL_GPIO_WritePin
 .text.HAL_HCD_IRQHandler
                0x0800214e      0x220 ./Drivers/STM32F4xx_HAL_Driver/stm32f4xx_hal_hcd.o
                0x0800214e                HAL_HCD_IRQHandler
 .text.HAL_HCD_Stop
                0x0800236e       0x3a ./Drivers/STM32F4xx_HAL_Driver/stm32f4xx_hal_hcd.o
                0x0800236e                HAL_HCD_Stop
 .text.HCD_HC_IN_IRQHandler
                0x080023a8      0xcd2 ./Drivers/STM32F4xx_HAL_Driver/stm32f4xx_hal_hcd.o
 .text.HCD_HC_OUT_IRQHandler
                0x0800307a      0x97e ./Drivers/STM32F4xx_HAL_Driver/stm32f4xx_hal_hcd.o
 .text.HCD_RXQLVL_IRQHandler
                0x080039f8      0x1be ./Drivers/STM32F4xx_HAL_Driver/stm32f4xx_hal_hcd.o
 .text.HCD_Port_IRQHandler
                0x08003bb6       0xe6 ./Drivers/STM32F4xx_HAL_Driver/stm32f4xx_hal_hcd.o
 .text.HAL_I2C_Init
                0x08003c9c      0x288 ./Drivers/STM32F4xx_HAL_Driver/stm32f4xx_hal_i2c.o
                0x08003c9c                HAL_I2C_Init
 .text.HAL_I2S_Init
                0x08003f24      0x280 ./Drivers/STM32F4xx_HAL_Driver/stm32f4xx_hal_i2s.o
                0x08003f24                HAL_I2S_Init
 .text.HAL_I2S_TxCpltCallback
                0x080041a4       0x14 ./Drivers/STM32F4xx_HAL_Driver/stm32f4xx_hal_i2s.o
                0x080041a4                HAL_I2S_TxCpltCallback
 .text.HAL_I2S_RxCpltCallback
                0x080041b8       0x14 ./Drivers/STM32F4xx_HAL_Driver/stm32f4xx_hal_i2s.o
                0x080041b8                HAL_I2S_RxCpltCallback
 .text.HAL_I2S_ErrorCallback
                0x080041cc       0x14 ./Drivers/STM32F4xx_HAL_Driver/stm32f4xx_hal_i2s.o
                0x080041cc                HAL_I2S_ErrorCallback
 .text.I2S_Transmit_IT
                0x080041e0       0x5c ./Drivers/STM32F4xx_HAL_Driver/stm32f4xx_hal_i2s.o
 .text.I2S_Receive_IT
                0x0800423c       0x5e ./Drivers/STM32F4xx_HAL_Driver/stm32f4xx_hal_i2s.o
 .text.I2S_IRQHandler
                0x0800429a      0x114 ./Drivers/STM32F4xx_HAL_Driver/stm32f4xx_hal_i2s.o
 *fill*         0x080043ae        0x2 
 .text.HAL_I2SEx_FullDuplex_IRQHandler
                0x080043b0      0x2a8 ./Drivers/STM32F4xx_HAL_Driver/stm32f4xx_hal_i2s_ex.o
                0x080043b0                HAL_I2SEx_FullDuplex_IRQHandler
 .text.HAL_I2SEx_TxRxCpltCallback
                0x08004658       0x14 ./Drivers/STM32F4xx_HAL_Driver/stm32f4xx_hal_i2s_ex.o
                0x08004658                HAL_I2SEx_TxRxCpltCallback
 .text.I2SEx_TxISR_I2S
                0x0800466c       0x62 ./Drivers/STM32F4xx_HAL_Driver/stm32f4xx_hal_i2s_ex.o
 *fill*         0x080046ce        0x2 
 .text.I2SEx_TxISR_I2SExt
                0x080046d0       0x98 ./Drivers/STM32F4xx_HAL_Driver/stm32f4xx_hal_i2s_ex.o
 .text.I2SEx_RxISR_I2S
                0x08004768       0x64 ./Drivers/STM32F4xx_HAL_Driver/stm32f4xx_hal_i2s_ex.o
 .text.I2SEx_RxISR_I2SExt
                0x080047cc       0x98 ./Drivers/STM32F4xx_HAL_Driver/stm32f4xx_hal_i2s_ex.o
 .text.HAL_RCC_OscConfig
                0x08004864      0x4f0 ./Drivers/STM32F4xx_HAL_Driver/stm32f4xx_hal_rcc.o
                0x08004864                HAL_RCC_OscConfig
 .text.HAL_RCC_ClockConfig
                0x08004d54      0x1cc ./Drivers/STM32F4xx_HAL_Driver/stm32f4xx_hal_rcc.o
                0x08004d54                HAL_RCC_ClockConfig
 .text.HAL_RCC_GetSysClockFreq
                0x08004f20      0x20c ./Drivers/STM32F4xx_HAL_Driver/stm32f4xx_hal_rcc.o
                0x08004f20                HAL_RCC_GetSysClockFreq
 .text.HAL_RCC_GetHCLKFreq
                0x0800512c       0x18 ./Drivers/STM32F4xx_HAL_Driver/stm32f4xx_hal_rcc.o
                0x0800512c                HAL_RCC_GetHCLKFreq
 .text.HAL_RCC_GetPCLK1Freq
                0x08005144       0x28 ./Drivers/STM32F4xx_HAL_Driver/stm32f4xx_hal_rcc.o
                0x08005144                HAL_RCC_GetPCLK1Freq
 .text.HAL_RCCEx_PeriphCLKConfig
                0x0800516c      0x1c4 ./Drivers/STM32F4xx_HAL_Driver/stm32f4xx_hal_rcc_ex.o
                0x0800516c                HAL_RCCEx_PeriphCLKConfig
 .text.HAL_RCCEx_GetPeriphCLKFreq
                0x08005330       0xc0 ./Drivers/STM32F4xx_HAL_Driver/stm32f4xx_hal_rcc_ex.o
                0x08005330                HAL_RCCEx_GetPeriphCLKFreq
 .text.HAL_SPI_Init
                0x080053f0      0x112 ./Drivers/STM32F4xx_HAL_Driver/stm32f4xx_hal_spi.o
                0x080053f0                HAL_SPI_Init
 .text.HAL_SPI_DeInit
                0x08005502       0x50 ./Drivers/STM32F4xx_HAL_Driver/stm32f4xx_hal_spi.o
                0x08005502                HAL_SPI_DeInit
 .text.HAL_SPI_TransmitReceive
                0x08005552      0x352 ./Drivers/STM32F4xx_HAL_Driver/stm32f4xx_hal_spi.o
                0x08005552                HAL_SPI_TransmitReceive
 .text.HAL_SPI_GetState
                0x080058a4       0x1c ./Drivers/STM32F4xx_HAL_Driver/stm32f4xx_hal_spi.o
                0x080058a4                HAL_SPI_GetState
 .text.SPI_WaitFlagStateUntilTimeout
                0x080058c0      0x110 ./Drivers/STM32F4xx_HAL_Driver/stm32f4xx_hal_spi.o
 .text.SPI_EndRxTxTransaction
                0x080059d0       0xa8 ./Drivers/STM32F4xx_HAL_Driver/stm32f4xx_hal_spi.o
 .text.USB_EnableGlobalInt
                0x08005a78       0x22 ./Drivers/STM32F4xx_HAL_Driver/stm32f4xx_ll_usb.o
                0x08005a78                USB_EnableGlobalInt
 .text.USB_DisableGlobalInt
                0x08005a9a       0x22 ./Drivers/STM32F4xx_HAL_Driver/stm32f4xx_ll_usb.o
                0x08005a9a                USB_DisableGlobalInt
 .text.USB_FlushTxFifo
                0x08005abc       0x64 ./Drivers/STM32F4xx_HAL_Driver/stm32f4xx_ll_usb.o
                0x08005abc                USB_FlushTxFifo
 .text.USB_FlushRxFifo
                0x08005b20       0x5c ./Drivers/STM32F4xx_HAL_Driver/stm32f4xx_ll_usb.o
                0x08005b20                USB_FlushRxFifo
 .text.USB_ReadPacket
                0x08005b7c       0xb0 ./Drivers/STM32F4xx_HAL_Driver/stm32f4xx_ll_usb.o
                0x08005b7c                USB_ReadPacket
 .text.USB_ReadInterrupts
                0x08005c2c       0x26 ./Drivers/STM32F4xx_HAL_Driver/stm32f4xx_ll_usb.o
                0x08005c2c                USB_ReadInterrupts
 .text.USB_ReadChInterrupts
                0x08005c52       0x42 ./Drivers/STM32F4xx_HAL_Driver/stm32f4xx_ll_usb.o
                0x08005c52                USB_ReadChInterrupts
 .text.USB_GetMode
                0x08005c94       0x1c ./Drivers/STM32F4xx_HAL_Driver/stm32f4xx_ll_usb.o
                0x08005c94                USB_GetMode
 .text.USB_InitFSLSPClkSel
                0x08005cb0       0x7a ./Drivers/STM32F4xx_HAL_Driver/stm32f4xx_ll_usb.o
                0x08005cb0                USB_InitFSLSPClkSel
 .text.USB_HC_ReadInterrupt
                0x08005d2a       0x22 ./Drivers/STM32F4xx_HAL_Driver/stm32f4xx_ll_usb.o
                0x08005d2a                USB_HC_ReadInterrupt
 .text.USB_HC_Halt
                0x08005d4c      0x240 ./Drivers/STM32F4xx_HAL_Driver/stm32f4xx_ll_usb.o
                0x08005d4c                USB_HC_Halt
 .text.USB_StopHost
                0x08005f8c      0x124 ./Drivers/STM32F4xx_HAL_Driver/stm32f4xx_ll_usb.o
                0x08005f8c                USB_StopHost
 .text.osMessageQueuePut
                0x080060b0       0xc0 ./Middlewares/FreeRTOS/cmsis_os2.o
                0x080060b0                osMessageQueuePut
 .text.vListInsertEnd
                0x08006170       0x48 ./Middlewares/FreeRTOS/list.o
                0x08006170                vListInsertEnd
 .text.vListInsert
                0x080061b8       0x72 ./Middlewares/FreeRTOS/list.o
                0x080061b8                vListInsert
 .text.uxListRemove
                0x0800622a       0x54 ./Middlewares/FreeRTOS/list.o
                0x0800622a                uxListRemove
 *fill*         0x0800627e        0x2 
 .text.SVC_Handler
                0x08006280       0x28 ./Middlewares/FreeRTOS/port.o
                0x08006280                SVC_Handler
 .text.vPortEnterCritical
                0x080062a8       0x64 ./Middlewares/FreeRTOS/port.o
                0x080062a8                vPortEnterCritical
 .text.vPortExitCritical
                0x0800630c       0x54 ./Middlewares/FreeRTOS/port.o
                0x0800630c                vPortExitCritical
 .text.PendSV_Handler
                0x08006360       0x68 ./Middlewares/FreeRTOS/port.o
                0x08006360                PendSV_Handler
 .text.xPortSysTickHandler
                0x080063c8       0x44 ./Middlewares/FreeRTOS/port.o
                0x080063c8                xPortSysTickHandler
 .text.vPortValidateInterruptPriority
                0x0800640c       0x84 ./Middlewares/FreeRTOS/port.o
                0x0800640c                vPortValidateInterruptPriority
 .text.xQueueGenericSend
                0x08006490      0x204 ./Middlewares/FreeRTOS/queue.o
                0x08006490                xQueueGenericSend
 .text.xQueueGenericSendFromISR
                0x08006694      0x13c ./Middlewares/FreeRTOS/queue.o
                0x08006694                xQueueGenericSendFromISR
 .text.prvCopyDataToQueue
                0x080067d0       0xd4 ./Middlewares/FreeRTOS/queue.o
 .text.prvUnlockQueue
                0x080068a4       0xa4 ./Middlewares/FreeRTOS/queue.o
 .text.prvIsQueueFull
                0x08006948       0x30 ./Middlewares/FreeRTOS/queue.o
 .text.vTaskSuspendAll
                0x08006978       0x1c ./Middlewares/FreeRTOS/tasks.o
                0x08006978                vTaskSuspendAll
 .text.xTaskResumeAll
                0x08006994      0x13c ./Middlewares/FreeRTOS/tasks.o
                0x08006994                xTaskResumeAll
 .text.xTaskIncrementTick
                0x08006ad0      0x174 ./Middlewares/FreeRTOS/tasks.o
                0x08006ad0                xTaskIncrementTick
 .text.vTaskSwitchContext
                0x08006c44       0xbc ./Middlewares/FreeRTOS/tasks.o
                0x08006c44                vTaskSwitchContext
 .text.vTaskPlaceOnEventList
                0x08006d00       0x4c ./Middlewares/FreeRTOS/tasks.o
                0x08006d00                vTaskPlaceOnEventList
 .text.xTaskRemoveFromEventList
                0x08006d4c       0xc8 ./Middlewares/FreeRTOS/tasks.o
                0x08006d4c                xTaskRemoveFromEventList
 .text.vTaskInternalSetTimeOutState
                0x08006e14       0x2c ./Middlewares/FreeRTOS/tasks.o
                0x08006e14                vTaskInternalSetTimeOutState
 .text.xTaskCheckForTimeOut
                0x08006e40       0xc8 ./Middlewares/FreeRTOS/tasks.o
                0x08006e40                xTaskCheckForTimeOut
 .text.vTaskMissedYield
                0x08006f08       0x18 ./Middlewares/FreeRTOS/tasks.o
                0x08006f08                vTaskMissedYield
 .text.prvResetNextTaskUnblockTime
                0x08006f20       0x40 ./Middlewares/FreeRTOS/tasks.o
 .text.xTaskGetSchedulerState
                0x08006f60       0x3c ./Middlewares/FreeRTOS/tasks.o
                0x08006f60                xTaskGetSchedulerState
 .text.xTaskPriorityDisinherit
                0x08006f9c       0xe0 ./Middlewares/FreeRTOS/tasks.o
                0x08006f9c                xTaskPriorityDisinherit
 .text.prvAddCurrentTaskToDelayedList
                0x0800707c       0xa8 ./Middlewares/FreeRTOS/tasks.o
 .text.USBH_LL_IncTimer
                0x08007124       0x24 ./Middlewares/USB_Host_Library/usbh_core.o
                0x08007124                USBH_LL_IncTimer
 .text.USBH_HandleSof
                0x08007148       0x30 ./Middlewares/USB_Host_Library/usbh_core.o
 .text.USBH_LL_PortEnabled
                0x08007178       0x34 ./Middlewares/USB_Host_Library/usbh_core.o
                0x08007178                USBH_LL_PortEnabled
 .text.USBH_LL_PortDisabled
                0x080071ac       0x1c ./Middlewares/USB_Host_Library/usbh_core.o
                0x080071ac                USBH_LL_PortDisabled
 .text.USBH_LL_Connect
                0x080071c8       0x46 ./Middlewares/USB_Host_Library/usbh_core.o
                0x080071c8                USBH_LL_Connect
 .text.USBH_LL_Disconnect
                0x0800720e       0x64 ./Middlewares/USB_Host_Library/usbh_core.o
                0x0800720e                USBH_LL_Disconnect
 .text.USBH_LL_NotifyURBChange
                0x08007272       0x2e ./Middlewares/USB_Host_Library/usbh_core.o
                0x08007272                USBH_LL_NotifyURBChange
 .text.USBH_FreePipe
                0x080072a0       0x3c ./Middlewares/USB_Host_Library/usbh_pipes.o
                0x080072a0                USBH_FreePipe
 .text.HAL_HCD_SOF_Callback
                0x080072dc       0x1c ./USB_HOST/Target/usbh_conf.o
                0x080072dc                HAL_HCD_SOF_Callback
 .text.HAL_HCD_Connect_Callback
                0x080072f8       0x1c ./USB_HOST/Target/usbh_conf.o
                0x080072f8                HAL_HCD_Connect_Callback
 .text.HAL_HCD_Disconnect_Callback
                0x08007314       0x1c ./USB_HOST/Target/usbh_conf.o
                0x08007314                HAL_HCD_Disconnect_Callback
 .text.HAL_HCD_HC_NotifyURBChange_Callback
                0x08007330       0x24 ./USB_HOST/Target/usbh_conf.o
                0x08007330                HAL_HCD_HC_NotifyURBChange_Callback
 .text.HAL_HCD_PortEnabled_Callback
                0x08007354       0x1c ./USB_HOST/Target/usbh_conf.o
                0x08007354                HAL_HCD_PortEnabled_Callback
 .text.HAL_HCD_PortDisabled_Callback
                0x08007370       0x1c ./USB_HOST/Target/usbh_conf.o
                0x08007370                HAL_HCD_PortDisabled_Callback
 .text.USBH_LL_Stop
                0x0800738c       0x36 ./USB_HOST/Target/usbh_conf.o
                0x0800738c                USBH_LL_Stop
 *fill*         0x080073c2        0x2 
 .text.USBH_Get_USB_Status
                0x080073c4       0x58 ./USB_HOST/Target/usbh_conf.o
                0x080073c4                USBH_Get_USB_Status
 .text.sbrk_aligned
                0x0800741c       0x44 C:/ST/STM32CubeIDE_1.16.1/STM32CubeIDE/plugins/com.st.stm32cube.ide.mcu.externaltools.gnu-tools-for-stm32.12.3.rel1.win32_1.0.200.202406191623/tools/bin/../lib/gcc/arm-none-eabi/12.3.1/../../../../arm-none-eabi/lib/thumb/v7e-m+fp/hard\libc_nano.a(libc_a-mallocr.o)
 .text._malloc_r
                0x08007460      0x100 C:/ST/STM32CubeIDE_1.16.1/STM32CubeIDE/plugins/com.st.stm32cube.ide.mcu.externaltools.gnu-tools-for-stm32.12.3.rel1.win32_1.0.200.202406191623/tools/bin/../lib/gcc/arm-none-eabi/12.3.1/../../../../arm-none-eabi/lib/thumb/v7e-m+fp/hard\libc_nano.a(libc_a-mallocr.o)
                0x08007460                _malloc_r
 .text.__malloc_lock
                0x08007560        0xc C:/ST/STM32CubeIDE_1.16.1/STM32CubeIDE/plugins/com.st.stm32cube.ide.mcu.externaltools.gnu-tools-for-stm32.12.3.rel1.win32_1.0.200.202406191623/tools/bin/../lib/gcc/arm-none-eabi/12.3.1/../../../../arm-none-eabi/lib/thumb/v7e-m+fp/hard\libc_nano.a(libc_a-mlock.o)
                0x08007560                __malloc_lock
 .text.__malloc_unlock
                0x0800756c        0xc C:/ST/STM32CubeIDE_1.16.1/STM32CubeIDE/plugins/com.st.stm32cube.ide.mcu.externaltools.gnu-tools-for-stm32.12.3.rel1.win32_1.0.200.202406191623/tools/bin/../lib/gcc/arm-none-eabi/12.3.1/../../../../arm-none-eabi/lib/thumb/v7e-m+fp/hard\libc_nano.a(libc_a-mlock.o)
                0x0800756c                __malloc_unlock
 .text.sprintf  0x08007578       0x40 C:/ST/STM32CubeIDE_1.16.1/STM32CubeIDE/plugins/com.st.stm32cube.ide.mcu.externaltools.gnu-tools-for-stm32.12.3.rel1.win32_1.0.200.202406191623/tools/bin/../lib/gcc/arm-none-eabi/12.3.1/../../../../arm-none-eabi/lib/thumb/v7e-m+fp/hard\libc_nano.a(libc_a-sprintf.o)
                0x08007578                siprintf
                0x08007578                sprintf
 .text.memset   0x080075b8       0x10 C:/ST/STM32CubeIDE_1.16.1/STM32CubeIDE/plugins/com.st.stm32cube.ide.mcu.externaltools.gnu-tools-for-stm32.12.3.rel1.win32_1.0.200.202406191623/tools/bin/../lib/gcc/arm-none-eabi/12.3.1/../../../../arm-none-eabi/lib/thumb/v7e-m+fp/hard\libc_nano.a(libc_a-memset.o)
                0x080075b8                memset
 .text._sbrk_r  0x080075c8       0x20 C:/ST/STM32CubeIDE_1.16.1/STM32CubeIDE/plugins/com.st.stm32cube.ide.mcu.externaltools.gnu-tools-for-stm32.12.3.rel1.win32_1.0.200.202406191623/tools/bin/../lib/gcc/arm-none-eabi/12.3.1/../../../../arm-none-eabi/lib/thumb/v7e-m+fp/hard\libc_nano.a(libc_a-sbrkr.o)
                0x080075c8                _sbrk_r
 .text.__errno  0x080075e8        0xc C:/ST/STM32CubeIDE_1.16.1/STM32CubeIDE/plugins/com.st.stm32cube.ide.mcu.externaltools.gnu-tools-for-stm32.12.3.rel1.win32_1.0.200.202406191623/tools/bin/../lib/gcc/arm-none-eabi/12.3.1/../../../../arm-none-eabi/lib/thumb/v7e-m+fp/hard\libc_nano.a(libc_a-errno.o)
                0x080075e8                __errno
 .text.__libc_init_array
                0x080075f4       0x48 C:/ST/STM32CubeIDE_1.16.1/STM32CubeIDE/plugins/com.st.stm32cube.ide.mcu.externaltools.gnu-tools-for-stm32.12.3.rel1.win32_1.0.200.202406191623/tools/bin/../lib/gcc/arm-none-eabi/12.3.1/../../../../arm-none-eabi/lib/thumb/v7e-m+fp/hard\libc_nano.a(libc_a-init.o)
                0x080075f4                __libc_init_array
 .text.__retarget_lock_acquire_recursive
                0x0800763c        0x2 C:/ST/STM32CubeIDE_1.16.1/STM32CubeIDE/plugins/com.st.stm32cube.ide.mcu.externaltools.gnu-tools-for-stm32.12.3.rel1.win32_1.0.200.202406191623/tools/bin/../lib/gcc/arm-none-eabi/12.3.1/../../../../arm-none-eabi/lib/thumb/v7e-m+fp/hard\libc_nano.a(libc_a-lock.o)
                0x0800763c                __retarget_lock_acquire_recursive
 .text.__retarget_lock_release_recursive
                0x0800763e        0x2 C:/ST/STM32CubeIDE_1.16.1/STM32CubeIDE/plugins/com.st.stm32cube.ide.mcu.externaltools.gnu-tools-for-stm32.12.3.rel1.win32_1.0.200.202406191623/tools/bin/../lib/gcc/arm-none-eabi/12.3.1/../../../../arm-none-eabi/lib/thumb/v7e-m+fp/hard\libc_nano.a(libc_a-lock.o)
                0x0800763e                __retarget_lock_release_recursive
 .text.memcpy   0x08007640       0x1c C:/ST/STM32CubeIDE_1.16.1/STM32CubeIDE/plugins/com.st.stm32cube.ide.mcu.externaltools.gnu-tools-for-stm32.12.3.rel1.win32_1.0.200.202406191623/tools/bin/../lib/gcc/arm-none-eabi/12.3.1/../../../../arm-none-eabi/lib/thumb/v7e-m+fp/hard\libc_nano.a(libc_a-memcpy-stub.o)
                0x08007640                memcpy
 .text._free_r  0x0800765c       0x94 C:/ST/STM32CubeIDE_1.16.1/STM32CubeIDE/plugins/com.st.stm32cube.ide.mcu.externaltools.gnu-tools-for-stm32.12.3.rel1.win32_1.0.200.202406191623/tools/bin/../lib/gcc/arm-none-eabi/12.3.1/../../../../arm-none-eabi/lib/thumb/v7e-m+fp/hard\libc_nano.a(libc_a-freer.o)
                0x0800765c                _free_r
 .text.__ssputs_r
                0x080076f0       0xb6 C:/ST/STM32CubeIDE_1.16.1/STM32CubeIDE/plugins/com.st.stm32cube.ide.mcu.externaltools.gnu-tools-for-stm32.12.3.rel1.win32_1.0.200.202406191623/tools/bin/../lib/gcc/arm-none-eabi/12.3.1/../../../../arm-none-eabi/lib/thumb/v7e-m+fp/hard\libc_nano.a(libc_a-nano-svfprintf.o)
                0x080076f0                __ssputs_r
 *fill*         0x080077a6        0x2 
 .text._svfprintf_r
                0x080077a8      0x1f8 C:/ST/STM32CubeIDE_1.16.1/STM32CubeIDE/plugins/com.st.stm32cube.ide.mcu.externaltools.gnu-tools-for-stm32.12.3.rel1.win32_1.0.200.202406191623/tools/bin/../lib/gcc/arm-none-eabi/12.3.1/../../../../arm-none-eabi/lib/thumb/v7e-m+fp/hard\libc_nano.a(libc_a-nano-svfprintf.o)
                0x080077a8                _svfiprintf_r
                0x080077a8                _svfprintf_r
 .text._printf_common
                0x080079a0       0xda C:/ST/STM32CubeIDE_1.16.1/STM32CubeIDE/plugins/com.st.stm32cube.ide.mcu.externaltools.gnu-tools-for-stm32.12.3.rel1.win32_1.0.200.202406191623/tools/bin/../lib/gcc/arm-none-eabi/12.3.1/../../../../arm-none-eabi/lib/thumb/v7e-m+fp/hard\libc_nano.a(libc_a-nano-vfprintf_i.o)
                0x080079a0                _printf_common
 *fill*         0x08007a7a        0x2 
 .text._printf_i
                0x08007a7c      0x240 C:/ST/STM32CubeIDE_1.16.1/STM32CubeIDE/plugins/com.st.stm32cube.ide.mcu.externaltools.gnu-tools-for-stm32.12.3.rel1.win32_1.0.200.202406191623/tools/bin/../lib/gcc/arm-none-eabi/12.3.1/../../../../arm-none-eabi/lib/thumb/v7e-m+fp/hard\libc_nano.a(libc_a-nano-vfprintf_i.o)
                0x08007a7c                _printf_i
 .text.memmove  0x08007cbc       0x34 C:/ST/STM32CubeIDE_1.16.1/STM32CubeIDE/plugins/com.st.stm32cube.ide.mcu.externaltools.gnu-tools-for-stm32.12.3.rel1.win32_1.0.200.202406191623/tools/bin/../lib/gcc/arm-none-eabi/12.3.1/../../../../arm-none-eabi/lib/thumb/v7e-m+fp/hard\libc_nano.a(libc_a-memmove.o)
                0x08007cbc                memmove
 .text._realloc_r
                0x08007cf0       0x5c C:/ST/STM32CubeIDE_1.16.1/STM32CubeIDE/plugins/com.st.stm32cube.ide.mcu.externaltools.gnu-tools-for-stm32.12.3.rel1.win32_1.0.200.202406191623/tools/bin/../lib/gcc/arm-none-eabi/12.3.1/../../../../arm-none-eabi/lib/thumb/v7e-m+fp/hard\libc_nano.a(libc_a-reallocr.o)
                0x08007cf0                _realloc_r
 .text._malloc_usable_size_r
                0x08007d4c       0x10 C:/ST/STM32CubeIDE_1.16.1/STM32CubeIDE/plugins/com.st.stm32cube.ide.mcu.externaltools.gnu-tools-for-stm32.12.3.rel1.win32_1.0.200.202406191623/tools/bin/../lib/gcc/arm-none-eabi/12.3.1/../../../../arm-none-eabi/lib/thumb/v7e-m+fp/hard\libc_nano.a(libc_a-msizer.o)
                0x08007d4c                _malloc_usable_size_r
 *(.glue_7)
 .glue_7        0x08007d5c        0x0 linker stubs
 *(.glue_7t)
 .glue_7t       0x08007d5c        0x0 linker stubs
 *(.eh_frame)
 .eh_frame      0x08007d5c        0x0 C:/ST/STM32CubeIDE_1.16.1/STM32CubeIDE/plugins/com.st.stm32cube.ide.mcu.externaltools.gnu-tools-for-stm32.12.3.rel1.win32_1.0.200.202406191623/tools/bin/../lib/gcc/arm-none-eabi/12.3.1/thumb/v7e-m+fp/hard/crtbegin.o
 *(.init)
 .init          0x08007d5c        0x4 C:/ST/STM32CubeIDE_1.16.1/STM32CubeIDE/plugins/com.st.stm32cube.ide.mcu.externaltools.gnu-tools-for-stm32.12.3.rel1.win32_1.0.200.202406191623/tools/bin/../lib/gcc/arm-none-eabi/12.3.1/thumb/v7e-m+fp/hard/crti.o
                0x08007d5c                _init
 .init          0x08007d60        0x8 C:/ST/STM32CubeIDE_1.16.1/STM32CubeIDE/plugins/com.st.stm32cube.ide.mcu.externaltools.gnu-tools-for-stm32.12.3.rel1.win32_1.0.200.202406191623/tools/bin/../lib/gcc/arm-none-eabi/12.3.1/thumb/v7e-m+fp/hard/crtn.o
 *(.fini)
 .fini          0x08007d68        0x4 C:/ST/STM32CubeIDE_1.16.1/STM32CubeIDE/plugins/com.st.stm32cube.ide.mcu.externaltools.gnu-tools-for-stm32.12.3.rel1.win32_1.0.200.202406191623/tools/bin/../lib/gcc/arm-none-eabi/12.3.1/thumb/v7e-m+fp/hard/crti.o
                0x08007d68                _fini
 .fini          0x08007d6c        0x8 C:/ST/STM32CubeIDE_1.16.1/STM32CubeIDE/plugins/com.st.stm32cube.ide.mcu.externaltools.gnu-tools-for-stm32.12.3.rel1.win32_1.0.200.202406191623/tools/bin/../lib/gcc/arm-none-eabi/12.3.1/thumb/v7e-m+fp/hard/crtn.o
                0x08007d74                        . = ALIGN (0x4)
                0x08007d74                        _etext = .

.vfp11_veneer   0x08007d74        0x0
 .vfp11_veneer  0x08007d74        0x0 linker stubs

.v4_bx          0x08007d74        0x0
 .v4_bx         0x08007d74        0x0 linker stubs

.iplt           0x08007d74        0x0
 .iplt          0x08007d74        0x0 C:/ST/STM32CubeIDE_1.16.1/STM32CubeIDE/plugins/com.st.stm32cube.ide.mcu.externaltools.gnu-tools-for-stm32.12.3.rel1.win32_1.0.200.202406191623/tools/bin/../lib/gcc/arm-none-eabi/12.3.1/thumb/v7e-m+fp/hard/crtbegin.o

.rodata         0x08007d74       0x70
                0x08007d74                        . = ALIGN (0x4)
 *(.rodata)
 .rodata        0x08007d74       0x21 ./Core/Src/main.o
 *(.rodata*)
 *fill*         0x08007d95        0x3 
 .rodata.AHBPrescTable
                0x08007d98       0x10 ./Core/Src/system_stm32f4xx.o
                0x08007d98                AHBPrescTable
 .rodata.APBPrescTable
                0x08007da8        0x8 ./Core/Src/system_stm32f4xx.o
                0x08007da8                APBPrescTable
 .rodata._svfprintf_r.str1.1
                0x08007db0       0x11 C:/ST/STM32CubeIDE_1.16.1/STM32CubeIDE/plugins/com.st.stm32cube.ide.mcu.externaltools.gnu-tools-for-stm32.12.3.rel1.win32_1.0.200.202406191623/tools/bin/../lib/gcc/arm-none-eabi/12.3.1/../../../../arm-none-eabi/lib/thumb/v7e-m+fp/hard\libc_nano.a(libc_a-nano-svfprintf.o)
 .rodata._printf_i.str1.1
                0x08007dc1       0x22 C:/ST/STM32CubeIDE_1.16.1/STM32CubeIDE/plugins/com.st.stm32cube.ide.mcu.externaltools.gnu-tools-for-stm32.12.3.rel1.win32_1.0.200.202406191623/tools/bin/../lib/gcc/arm-none-eabi/12.3.1/../../../../arm-none-eabi/lib/thumb/v7e-m+fp/hard\libc_nano.a(libc_a-nano-vfprintf_i.o)
                0x08007de4                        . = ALIGN (0x4)
 *fill*         0x08007de3        0x1 

.ARM.extab      0x08007de4        0x0
                0x08007de4                        . = ALIGN (0x4)
 *(.ARM.extab* .gnu.linkonce.armextab.*)
                0x08007de4                        . = ALIGN (0x4)

.ARM            0x08007de4        0x8
                0x08007de4                        . = ALIGN (0x4)
                0x08007de4                        __exidx_start = .
 *(.ARM.exidx*)
 .ARM.exidx     0x08007de4        0x8 C:/ST/STM32CubeIDE_1.16.1/STM32CubeIDE/plugins/com.st.stm32cube.ide.mcu.externaltools.gnu-tools-for-stm32.12.3.rel1.win32_1.0.200.202406191623/tools/bin/../lib/gcc/arm-none-eabi/12.3.1/../../../../arm-none-eabi/lib/thumb/v7e-m+fp/hard\libc_nano.a(libc_a-memchr.o)
 .ARM.exidx     0x08007dec        0x0 C:/ST/STM32CubeIDE_1.16.1/STM32CubeIDE/plugins/com.st.stm32cube.ide.mcu.externaltools.gnu-tools-for-stm32.12.3.rel1.win32_1.0.200.202406191623/tools/bin/../lib/gcc/arm-none-eabi/12.3.1/thumb/v7e-m+fp/hard\libgcc.a(_udivmoddi4.o)
                                  0x8 (size before relaxing)
                0x08007dec                        __exidx_end = .
                0x08007dec                        . = ALIGN (0x4)

.preinit_array  0x08007dec        0x0
                0x08007dec                        . = ALIGN (0x4)
                0x08007dec                        PROVIDE (__preinit_array_start = .)
 *(.preinit_array*)
                0x08007dec                        PROVIDE (__preinit_array_end = .)
                0x08007dec                        . = ALIGN (0x4)

.init_array     0x08007dec        0x4
                0x08007dec                        . = ALIGN (0x4)
                0x08007dec                        PROVIDE (__init_array_start = .)
 *(SORT_BY_NAME(.init_array.*))
 *(.init_array*)
 .init_array    0x08007dec        0x4 C:/ST/STM32CubeIDE_1.16.1/STM32CubeIDE/plugins/com.st.stm32cube.ide.mcu.externaltools.gnu-tools-for-stm32.12.3.rel1.win32_1.0.200.202406191623/tools/bin/../lib/gcc/arm-none-eabi/12.3.1/thumb/v7e-m+fp/hard/crtbegin.o
                0x08007df0                        PROVIDE (__init_array_end = .)
                0x08007df0                        . = ALIGN (0x4)

.fini_array     0x08007df0        0x4
                0x08007df0                        . = ALIGN (0x4)
                [!provide]                        PROVIDE (__fini_array_start = .)
 *(SORT_BY_NAME(.fini_array.*))
 *(.fini_array*)
 .fini_array    0x08007df0        0x4 C:/ST/STM32CubeIDE_1.16.1/STM32CubeIDE/plugins/com.st.stm32cube.ide.mcu.externaltools.gnu-tools-for-stm32.12.3.rel1.win32_1.0.200.202406191623/tools/bin/../lib/gcc/arm-none-eabi/12.3.1/thumb/v7e-m+fp/hard/crtbegin.o
                [!provide]                        PROVIDE (__fini_array_end = .)
                0x08007df4                        . = ALIGN (0x4)
                0x08007df4                        _sidata = LOADADDR (.data)

.rel.dyn        0x08007df4        0x0
 .rel.iplt      0x08007df4        0x0 C:/ST/STM32CubeIDE_1.16.1/STM32CubeIDE/plugins/com.st.stm32cube.ide.mcu.externaltools.gnu-tools-for-stm32.12.3.rel1.win32_1.0.200.202406191623/tools/bin/../lib/gcc/arm-none-eabi/12.3.1/thumb/v7e-m+fp/hard/crtbegin.o

.data           0x20000000       0xcc load address 0x08007df4
                0x20000000                        . = ALIGN (0x4)
                0x20000000                        _sdata = .
 *(.data)
 *(.data*)
 .data.Lis302dlDrv
                0x20000000       0x34 ./Core/Src/lis302dl.o
                0x20000000                Lis302dlDrv
 .data.Lis3dshDrv
                0x20000034       0x34 ./Core/Src/lis3dsh.o
                0x20000034                Lis3dshDrv
 .data.SpixTimeout
                0x20000068        0x4 ./Core/Src/stm32f4_discovery.o
                0x20000068                SpixTimeout
 .data.SystemCoreClock
                0x2000006c        0x4 ./Core/Src/system_stm32f4xx.o
                0x2000006c                SystemCoreClock
 .data.uwTickPrio
                0x20000070        0x4 ./Drivers/STM32F4xx_HAL_Driver/stm32f4xx_hal.o
                0x20000070                uwTickPrio
 .data.uwTickFreq
                0x20000074        0x1 ./Drivers/STM32F4xx_HAL_Driver/stm32f4xx_hal.o
                0x20000074                uwTickFreq
 *fill*         0x20000075        0x3 
 .data.uxCriticalNesting
                0x20000078        0x4 ./Middlewares/FreeRTOS/port.o
 .data._impure_ptr
                0x2000007c        0x4 C:/ST/STM32CubeIDE_1.16.1/STM32CubeIDE/plugins/com.st.stm32cube.ide.mcu.externaltools.gnu-tools-for-stm32.12.3.rel1.win32_1.0.200.202406191623/tools/bin/../lib/gcc/arm-none-eabi/12.3.1/../../../../arm-none-eabi/lib/thumb/v7e-m+fp/hard\libc_nano.a(libc_a-impure.o)
                0x2000007c                _impure_ptr
 .data._impure_data
                0x20000080       0x4c C:/ST/STM32CubeIDE_1.16.1/STM32CubeIDE/plugins/com.st.stm32cube.ide.mcu.externaltools.gnu-tools-for-stm32.12.3.rel1.win32_1.0.200.202406191623/tools/bin/../lib/gcc/arm-none-eabi/12.3.1/../../../../arm-none-eabi/lib/thumb/v7e-m+fp/hard\libc_nano.a(libc_a-impure.o)
                0x20000080                _impure_data
 *(.RamFunc)
 *(.RamFunc*)
                0x200000cc                        . = ALIGN (0x4)
                0x200000cc                        _edata = .
                0x08007ec0                        _siccmram = LOADADDR (.ccmram)

.igot.plt       0x200000cc        0x0 load address 0x08007ec0
 .igot.plt      0x200000cc        0x0 C:/ST/STM32CubeIDE_1.16.1/STM32CubeIDE/plugins/com.st.stm32cube.ide.mcu.externaltools.gnu-tools-for-stm32.12.3.rel1.win32_1.0.200.202406191623/tools/bin/../lib/gcc/arm-none-eabi/12.3.1/thumb/v7e-m+fp/hard/crtbegin.o

.ccmram         0x10000000        0x0 load address 0x08007ec0
                0x10000000                        . = ALIGN (0x4)
                0x10000000                        _sccmram = .
 *(.ccmram)
 *(.ccmram*)
                0x10000000                        . = ALIGN (0x4)
                0x10000000                        _eccmram = .
                0x10000000                        . = ALIGN (0x4)

.bss            0x200000cc      0xbc8
                0x200000cc                        _sbss = .
                0x200000cc                        __bss_start__ = _sbss
 *(.bss)
 .bss           0x200000cc       0x1c C:/ST/STM32CubeIDE_1.16.1/STM32CubeIDE/plugins/com.st.stm32cube.ide.mcu.externaltools.gnu-tools-for-stm32.12.3.rel1.win32_1.0.200.202406191623/tools/bin/../lib/gcc/arm-none-eabi/12.3.1/thumb/v7e-m+fp/hard/crtbegin.o
 *(.bss*)
 .bss.hi2c1     0x200000e8       0x54 ./Core/Src/i2c.o
                0x200000e8                hi2c1
 .bss.hi2s3     0x2000013c       0x48 ./Core/Src/i2s.o
                0x2000013c                hi2s3
 .bss.accData   0x20000184        0x6 ./Core/Src/main.o
                0x20000184                accData
 *fill*         0x2000018a        0x2 
 .bss.strTemp   0x2000018c       0x64 ./Core/Src/main.o
                0x2000018c                strTemp
 .bss.hspi1     0x200001f0       0x58 ./Core/Src/spi.o
                0x200001f0                hspi1
 .bss.SpiHandle
                0x20000248       0x58 ./Core/Src/stm32f4_discovery.o
 .bss.AcceleroDrv
                0x200002a0        0x4 ./Core/Src/stm32f4_discovery_accelerometer.o
 .bss.__sbrk_heap_end
                0x200002a4        0x4 ./Core/Src/sysmem.o
 .bss.uwTick    0x200002a8        0x4 ./Drivers/STM32F4xx_HAL_Driver/stm32f4xx_hal.o
                0x200002a8                uwTick
 .bss.ucMaxSysCallPriority
                0x200002ac        0x1 ./Middlewares/FreeRTOS/port.o
 *fill*         0x200002ad        0x3 
 .bss.ulMaxPRIGROUPValue
                0x200002b0        0x4 ./Middlewares/FreeRTOS/port.o
 .bss.pxCurrentTCB
                0x200002b4        0x4 ./Middlewares/FreeRTOS/tasks.o
                0x200002b4                pxCurrentTCB
 .bss.pxReadyTasksLists
                0x200002b8      0x460 ./Middlewares/FreeRTOS/tasks.o
 .bss.pxDelayedTaskList
                0x20000718        0x4 ./Middlewares/FreeRTOS/tasks.o
 .bss.pxOverflowDelayedTaskList
                0x2000071c        0x4 ./Middlewares/FreeRTOS/tasks.o
 .bss.xPendingReadyList
                0x20000720       0x14 ./Middlewares/FreeRTOS/tasks.o
 .bss.xSuspendedTaskList
                0x20000734       0x14 ./Middlewares/FreeRTOS/tasks.o
 .bss.uxCurrentNumberOfTasks
                0x20000748        0x4 ./Middlewares/FreeRTOS/tasks.o
 .bss.xTickCount
                0x2000074c        0x4 ./Middlewares/FreeRTOS/tasks.o
 .bss.uxTopReadyPriority
                0x20000750        0x4 ./Middlewares/FreeRTOS/tasks.o
 .bss.xSchedulerRunning
                0x20000754        0x4 ./Middlewares/FreeRTOS/tasks.o
 .bss.xPendedTicks
                0x20000758        0x4 ./Middlewares/FreeRTOS/tasks.o
 .bss.xYieldPending
                0x2000075c        0x4 ./Middlewares/FreeRTOS/tasks.o
 .bss.xNumOfOverflows
                0x20000760        0x4 ./Middlewares/FreeRTOS/tasks.o
 .bss.xNextTaskUnblockTime
                0x20000764        0x4 ./Middlewares/FreeRTOS/tasks.o
 .bss.uxSchedulerSuspended
                0x20000768        0x4 ./Middlewares/FreeRTOS/tasks.o
 .bss.hhcd_USB_OTG_FS
                0x2000076c      0x3e0 ./USB_HOST/Target/usbh_conf.o
                0x2000076c                hhcd_USB_OTG_FS
 .bss.__malloc_sbrk_start
                0x20000b4c        0x4 C:/ST/STM32CubeIDE_1.16.1/STM32CubeIDE/plugins/com.st.stm32cube.ide.mcu.externaltools.gnu-tools-for-stm32.12.3.rel1.win32_1.0.200.202406191623/tools/bin/../lib/gcc/arm-none-eabi/12.3.1/../../../../arm-none-eabi/lib/thumb/v7e-m+fp/hard\libc_nano.a(libc_a-mallocr.o)
                0x20000b4c                __malloc_sbrk_start
 .bss.__malloc_free_list
                0x20000b50        0x4 C:/ST/STM32CubeIDE_1.16.1/STM32CubeIDE/plugins/com.st.stm32cube.ide.mcu.externaltools.gnu-tools-for-stm32.12.3.rel1.win32_1.0.200.202406191623/tools/bin/../lib/gcc/arm-none-eabi/12.3.1/../../../../arm-none-eabi/lib/thumb/v7e-m+fp/hard\libc_nano.a(libc_a-mallocr.o)
                0x20000b50                __malloc_free_list
 .bss.__sf      0x20000b54      0x138 C:/ST/STM32CubeIDE_1.16.1/STM32CubeIDE/plugins/com.st.stm32cube.ide.mcu.externaltools.gnu-tools-for-stm32.12.3.rel1.win32_1.0.200.202406191623/tools/bin/../lib/gcc/arm-none-eabi/12.3.1/../../../../arm-none-eabi/lib/thumb/v7e-m+fp/hard\libc_nano.a(libc_a-findfp.o)
                0x20000b54                __sf
 .bss.errno     0x20000c8c        0x4 C:/ST/STM32CubeIDE_1.16.1/STM32CubeIDE/plugins/com.st.stm32cube.ide.mcu.externaltools.gnu-tools-for-stm32.12.3.rel1.win32_1.0.200.202406191623/tools/bin/../lib/gcc/arm-none-eabi/12.3.1/../../../../arm-none-eabi/lib/thumb/v7e-m+fp/hard\libc_nano.a(libc_a-reent.o)
                0x20000c8c                errno
 .bss.__lock___malloc_recursive_mutex
                0x20000c90        0x1 C:/ST/STM32CubeIDE_1.16.1/STM32CubeIDE/plugins/com.st.stm32cube.ide.mcu.externaltools.gnu-tools-for-stm32.12.3.rel1.win32_1.0.200.202406191623/tools/bin/../lib/gcc/arm-none-eabi/12.3.1/../../../../arm-none-eabi/lib/thumb/v7e-m+fp/hard\libc_nano.a(libc_a-lock.o)
                0x20000c90                __lock___malloc_recursive_mutex
 *(COMMON)
                0x20000c94                        . = ALIGN (0x4)
 *fill*         0x20000c91        0x3 
                0x20000c94                        _ebss = .
                0x20000c94                        __bss_end__ = _ebss

._user_heap_stack
                0x20000c94      0x604
                0x20000c98                        . = ALIGN (0x8)
 *fill*         0x20000c94        0x4 
                [!provide]                        PROVIDE (end = .)
                0x20000c98                        PROVIDE (_end = .)
                0x20000e98                        . = (. + _Min_Heap_Size)
 *fill*         0x20000c98      0x200 
                0x20001298                        . = (. + _Min_Stack_Size)
 *fill*         0x20000e98      0x400 
                0x20001298                        . = ALIGN (0x8)

/DISCARD/
 libc.a(*)
 libm.a(*)
 libgcc.a(*)

.ARM.attributes
                0x00000000       0x30
 *(.ARM.attributes)
 .ARM.attributes
                0x00000000       0x22 C:/ST/STM32CubeIDE_1.16.1/STM32CubeIDE/plugins/com.st.stm32cube.ide.mcu.externaltools.gnu-tools-for-stm32.12.3.rel1.win32_1.0.200.202406191623/tools/bin/../lib/gcc/arm-none-eabi/12.3.1/thumb/v7e-m+fp/hard/crti.o
 .ARM.attributes
                0x00000022       0x34 C:/ST/STM32CubeIDE_1.16.1/STM32CubeIDE/plugins/com.st.stm32cube.ide.mcu.externaltools.gnu-tools-for-stm32.12.3.rel1.win32_1.0.200.202406191623/tools/bin/../lib/gcc/arm-none-eabi/12.3.1/thumb/v7e-m+fp/hard/crtbegin.o
 .ARM.attributes
                0x00000056       0x34 ./Core/Src/gpio.o
 .ARM.attributes
                0x0000008a       0x34 ./Core/Src/i2c.o
 .ARM.attributes
                0x000000be       0x34 ./Core/Src/i2s.o
 .ARM.attributes
                0x000000f2       0x34 ./Core/Src/lis302dl.o
 .ARM.attributes
                0x00000126       0x34 ./Core/Src/lis3dsh.o
 .ARM.attributes
                0x0000015a       0x34 ./Core/Src/main.o
 .ARM.attributes
                0x0000018e       0x34 ./Core/Src/spi.o
 .ARM.attributes
                0x000001c2       0x34 ./Core/Src/stm32f4_discovery.o
 .ARM.attributes
                0x000001f6       0x34 ./Core/Src/stm32f4_discovery_accelerometer.o
 .ARM.attributes
                0x0000022a       0x34 ./Core/Src/stm32f4xx_hal_msp.o
 .ARM.attributes
                0x0000025e       0x34 ./Core/Src/stm32f4xx_it.o
 .ARM.attributes
                0x00000292       0x34 ./Core/Src/sysmem.o
 .ARM.attributes
                0x000002c6       0x34 ./Core/Src/system_stm32f4xx.o
 .ARM.attributes
                0x000002fa       0x21 ./Core/Startup/startup_stm32f407vgtx.o
 .ARM.attributes
                0x0000031b       0x34 ./Drivers/STM32F4xx_HAL_Driver/stm32f4xx_hal.o
 .ARM.attributes
                0x0000034f       0x34 ./Drivers/STM32F4xx_HAL_Driver/stm32f4xx_hal_cortex.o
 .ARM.attributes
                0x00000383       0x34 ./Drivers/STM32F4xx_HAL_Driver/stm32f4xx_hal_gpio.o
 .ARM.attributes
                0x000003b7       0x34 ./Drivers/STM32F4xx_HAL_Driver/stm32f4xx_hal_hcd.o
 .ARM.attributes
                0x000003eb       0x34 ./Drivers/STM32F4xx_HAL_Driver/stm32f4xx_hal_i2c.o
 .ARM.attributes
                0x0000041f       0x34 ./Drivers/STM32F4xx_HAL_Driver/stm32f4xx_hal_i2s.o
 .ARM.attributes
                0x00000453       0x34 ./Drivers/STM32F4xx_HAL_Driver/stm32f4xx_hal_i2s_ex.o
 .ARM.attributes
                0x00000487       0x34 ./Drivers/STM32F4xx_HAL_Driver/stm32f4xx_hal_rcc.o
 .ARM.attributes
                0x000004bb       0x34 ./Drivers/STM32F4xx_HAL_Driver/stm32f4xx_hal_rcc_ex.o
 .ARM.attributes
                0x000004ef       0x34 ./Drivers/STM32F4xx_HAL_Driver/stm32f4xx_hal_spi.o
 .ARM.attributes
                0x00000523       0x34 ./Drivers/STM32F4xx_HAL_Driver/stm32f4xx_ll_usb.o
 .ARM.attributes
                0x00000557       0x34 ./Middlewares/FreeRTOS/cmsis_os2.o
 .ARM.attributes
                0x0000058b       0x34 ./Middlewares/FreeRTOS/list.o
 .ARM.attributes
                0x000005bf       0x34 ./Middlewares/FreeRTOS/port.o
 .ARM.attributes
                0x000005f3       0x34 ./Middlewares/FreeRTOS/queue.o
 .ARM.attributes
                0x00000627       0x34 ./Middlewares/FreeRTOS/tasks.o
 .ARM.attributes
                0x0000065b       0x34 ./Middlewares/USB_Host_Library/usbh_core.o
 .ARM.attributes
                0x0000068f       0x34 ./Middlewares/USB_Host_Library/usbh_pipes.o
 .ARM.attributes
                0x000006c3       0x34 ./USB_HOST/Target/usbh_conf.o
 .ARM.attributes
                0x000006f7       0x34 C:/ST/STM32CubeIDE_1.16.1/STM32CubeIDE/plugins/com.st.stm32cube.ide.mcu.externaltools.gnu-tools-for-stm32.12.3.rel1.win32_1.0.200.202406191623/tools/bin/../lib/gcc/arm-none-eabi/12.3.1/../../../../arm-none-eabi/lib/thumb/v7e-m+fp/hard\libc_nano.a(libc_a-mallocr.o)
 .ARM.attributes
                0x0000072b       0x34 C:/ST/STM32CubeIDE_1.16.1/STM32CubeIDE/plugins/com.st.stm32cube.ide.mcu.externaltools.gnu-tools-for-stm32.12.3.rel1.win32_1.0.200.202406191623/tools/bin/../lib/gcc/arm-none-eabi/12.3.1/../../../../arm-none-eabi/lib/thumb/v7e-m+fp/hard\libc_nano.a(libc_a-mlock.o)
 .ARM.attributes
                0x0000075f       0x34 C:/ST/STM32CubeIDE_1.16.1/STM32CubeIDE/plugins/com.st.stm32cube.ide.mcu.externaltools.gnu-tools-for-stm32.12.3.rel1.win32_1.0.200.202406191623/tools/bin/../lib/gcc/arm-none-eabi/12.3.1/../../../../arm-none-eabi/lib/thumb/v7e-m+fp/hard\libc_nano.a(libc_a-findfp.o)
 .ARM.attributes
                0x00000793       0x34 C:/ST/STM32CubeIDE_1.16.1/STM32CubeIDE/plugins/com.st.stm32cube.ide.mcu.externaltools.gnu-tools-for-stm32.12.3.rel1.win32_1.0.200.202406191623/tools/bin/../lib/gcc/arm-none-eabi/12.3.1/../../../../arm-none-eabi/lib/thumb/v7e-m+fp/hard\libc_nano.a(libc_a-sprintf.o)
 .ARM.attributes
                0x000007c7       0x34 C:/ST/STM32CubeIDE_1.16.1/STM32CubeIDE/plugins/com.st.stm32cube.ide.mcu.externaltools.gnu-tools-for-stm32.12.3.rel1.win32_1.0.200.202406191623/tools/bin/../lib/gcc/arm-none-eabi/12.3.1/../../../../arm-none-eabi/lib/thumb/v7e-m+fp/hard\libc_nano.a(libc_a-memset.o)
 .ARM.attributes
                0x000007fb       0x34 C:/ST/STM32CubeIDE_1.16.1/STM32CubeIDE/plugins/com.st.stm32cube.ide.mcu.externaltools.gnu-tools-for-stm32.12.3.rel1.win32_1.0.200.202406191623/tools/bin/../lib/gcc/arm-none-eabi/12.3.1/../../../../arm-none-eabi/lib/thumb/v7e-m+fp/hard\libc_nano.a(libc_a-reent.o)
 .ARM.attributes
                0x0000082f       0x34 C:/ST/STM32CubeIDE_1.16.1/STM32CubeIDE/plugins/com.st.stm32cube.ide.mcu.externaltools.gnu-tools-for-stm32.12.3.rel1.win32_1.0.200.202406191623/tools/bin/../lib/gcc/arm-none-eabi/12.3.1/../../../../arm-none-eabi/lib/thumb/v7e-m+fp/hard\libc_nano.a(libc_a-impure.o)
 .ARM.attributes
                0x00000863       0x34 C:/ST/STM32CubeIDE_1.16.1/STM32CubeIDE/plugins/com.st.stm32cube.ide.mcu.externaltools.gnu-tools-for-stm32.12.3.rel1.win32_1.0.200.202406191623/tools/bin/../lib/gcc/arm-none-eabi/12.3.1/../../../../arm-none-eabi/lib/thumb/v7e-m+fp/hard\libc_nano.a(libc_a-sbrkr.o)
 .ARM.attributes
                0x00000897       0x34 C:/ST/STM32CubeIDE_1.16.1/STM32CubeIDE/plugins/com.st.stm32cube.ide.mcu.externaltools.gnu-tools-for-stm32.12.3.rel1.win32_1.0.200.202406191623/tools/bin/../lib/gcc/arm-none-eabi/12.3.1/../../../../arm-none-eabi/lib/thumb/v7e-m+fp/hard\libc_nano.a(libc_a-errno.o)
 .ARM.attributes
                0x000008cb       0x34 C:/ST/STM32CubeIDE_1.16.1/STM32CubeIDE/plugins/com.st.stm32cube.ide.mcu.externaltools.gnu-tools-for-stm32.12.3.rel1.win32_1.0.200.202406191623/tools/bin/../lib/gcc/arm-none-eabi/12.3.1/../../../../arm-none-eabi/lib/thumb/v7e-m+fp/hard\libc_nano.a(libc_a-init.o)
 .ARM.attributes
                0x000008ff       0x34 C:/ST/STM32CubeIDE_1.16.1/STM32CubeIDE/plugins/com.st.stm32cube.ide.mcu.externaltools.gnu-tools-for-stm32.12.3.rel1.win32_1.0.200.202406191623/tools/bin/../lib/gcc/arm-none-eabi/12.3.1/../../../../arm-none-eabi/lib/thumb/v7e-m+fp/hard\libc_nano.a(libc_a-lock.o)
 .ARM.attributes
                0x00000933       0x34 C:/ST/STM32CubeIDE_1.16.1/STM32CubeIDE/plugins/com.st.stm32cube.ide.mcu.externaltools.gnu-tools-for-stm32.12.3.rel1.win32_1.0.200.202406191623/tools/bin/../lib/gcc/arm-none-eabi/12.3.1/../../../../arm-none-eabi/lib/thumb/v7e-m+fp/hard\libc_nano.a(libc_a-memcpy-stub.o)
 .ARM.attributes
                0x00000967       0x34 C:/ST/STM32CubeIDE_1.16.1/STM32CubeIDE/plugins/com.st.stm32cube.ide.mcu.externaltools.gnu-tools-for-stm32.12.3.rel1.win32_1.0.200.202406191623/tools/bin/../lib/gcc/arm-none-eabi/12.3.1/../../../../arm-none-eabi/lib/thumb/v7e-m+fp/hard\libc_nano.a(libc_a-freer.o)
 .ARM.attributes
                0x0000099b       0x34 C:/ST/STM32CubeIDE_1.16.1/STM32CubeIDE/plugins/com.st.stm32cube.ide.mcu.externaltools.gnu-tools-for-stm32.12.3.rel1.win32_1.0.200.202406191623/tools/bin/../lib/gcc/arm-none-eabi/12.3.1/../../../../arm-none-eabi/lib/thumb/v7e-m+fp/hard\libc_nano.a(libc_a-nano-svfprintf.o)
 .ARM.attributes
                0x000009cf       0x34 C:/ST/STM32CubeIDE_1.16.1/STM32CubeIDE/plugins/com.st.stm32cube.ide.mcu.externaltools.gnu-tools-for-stm32.12.3.rel1.win32_1.0.200.202406191623/tools/bin/../lib/gcc/arm-none-eabi/12.3.1/../../../../arm-none-eabi/lib/thumb/v7e-m+fp/hard\libc_nano.a(libc_a-nano-vfprintf_i.o)
 .ARM.attributes
                0x00000a03       0x34 C:/ST/STM32CubeIDE_1.16.1/STM32CubeIDE/plugins/com.st.stm32cube.ide.mcu.externaltools.gnu-tools-for-stm32.12.3.rel1.win32_1.0.200.202406191623/tools/bin/../lib/gcc/arm-none-eabi/12.3.1/../../../../arm-none-eabi/lib/thumb/v7e-m+fp/hard\libc_nano.a(libc_a-memmove.o)
 .ARM.attributes
                0x00000a37       0x1c C:/ST/STM32CubeIDE_1.16.1/STM32CubeIDE/plugins/com.st.stm32cube.ide.mcu.externaltools.gnu-tools-for-stm32.12.3.rel1.win32_1.0.200.202406191623/tools/bin/../lib/gcc/arm-none-eabi/12.3.1/../../../../arm-none-eabi/lib/thumb/v7e-m+fp/hard\libc_nano.a(libc_a-memchr.o)
 .ARM.attributes
                0x00000a53       0x34 C:/ST/STM32CubeIDE_1.16.1/STM32CubeIDE/plugins/com.st.stm32cube.ide.mcu.externaltools.gnu-tools-for-stm32.12.3.rel1.win32_1.0.200.202406191623/tools/bin/../lib/gcc/arm-none-eabi/12.3.1/../../../../arm-none-eabi/lib/thumb/v7e-m+fp/hard\libc_nano.a(libc_a-reallocr.o)
 .ARM.attributes
                0x00000a87       0x34 C:/ST/STM32CubeIDE_1.16.1/STM32CubeIDE/plugins/com.st.stm32cube.ide.mcu.externaltools.gnu-tools-for-stm32.12.3.rel1.win32_1.0.200.202406191623/tools/bin/../lib/gcc/arm-none-eabi/12.3.1/../../../../arm-none-eabi/lib/thumb/v7e-m+fp/hard\libc_nano.a(libc_a-msizer.o)
 .ARM.attributes
                0x00000abb       0x22 C:/ST/STM32CubeIDE_1.16.1/STM32CubeIDE/plugins/com.st.stm32cube.ide.mcu.externaltools.gnu-tools-for-stm32.12.3.rel1.win32_1.0.200.202406191623/tools/bin/../lib/gcc/arm-none-eabi/12.3.1/thumb/v7e-m+fp/hard\libgcc.a(_aeabi_uldivmod.o)
 .ARM.attributes
                0x00000add       0x34 C:/ST/STM32CubeIDE_1.16.1/STM32CubeIDE/plugins/com.st.stm32cube.ide.mcu.externaltools.gnu-tools-for-stm32.12.3.rel1.win32_1.0.200.202406191623/tools/bin/../lib/gcc/arm-none-eabi/12.3.1/thumb/v7e-m+fp/hard\libgcc.a(_udivmoddi4.o)
 .ARM.attributes
                0x00000b11       0x22 C:/ST/STM32CubeIDE_1.16.1/STM32CubeIDE/plugins/com.st.stm32cube.ide.mcu.externaltools.gnu-tools-for-stm32.12.3.rel1.win32_1.0.200.202406191623/tools/bin/../lib/gcc/arm-none-eabi/12.3.1/thumb/v7e-m+fp/hard\libgcc.a(_dvmd_tls.o)
 .ARM.attributes
                0x00000b33       0x22 C:/ST/STM32CubeIDE_1.16.1/STM32CubeIDE/plugins/com.st.stm32cube.ide.mcu.externaltools.gnu-tools-for-stm32.12.3.rel1.win32_1.0.200.202406191623/tools/bin/../lib/gcc/arm-none-eabi/12.3.1/thumb/v7e-m+fp/hard/crtn.o
OUTPUT(STM32F407-OS.elf elf32-littlearm)
LOAD linker stubs
LOAD C:/ST/STM32CubeIDE_1.16.1/STM32CubeIDE/plugins/com.st.stm32cube.ide.mcu.externaltools.gnu-tools-for-stm32.12.3.rel1.win32_1.0.200.202406191623/tools/bin/../lib/gcc/arm-none-eabi/12.3.1/../../../../arm-none-eabi/lib/thumb/v7e-m+fp/hard\libc.a
LOAD C:/ST/STM32CubeIDE_1.16.1/STM32CubeIDE/plugins/com.st.stm32cube.ide.mcu.externaltools.gnu-tools-for-stm32.12.3.rel1.win32_1.0.200.202406191623/tools/bin/../lib/gcc/arm-none-eabi/12.3.1/../../../../arm-none-eabi/lib/thumb/v7e-m+fp/hard\libm.a
LOAD C:/ST/STM32CubeIDE_1.16.1/STM32CubeIDE/plugins/com.st.stm32cube.ide.mcu.externaltools.gnu-tools-for-stm32.12.3.rel1.win32_1.0.200.202406191623/tools/bin/../lib/gcc/arm-none-eabi/12.3.1/thumb/v7e-m+fp/hard\libgcc.a

.debug_info     0x00000000    0x1c1d6
 .debug_info    0x00000000      0x459 ./Core/Src/gpio.o
 .debug_info    0x00000459      0x968 ./Core/Src/i2c.o
 .debug_info    0x00000dc1      0xa26 ./Core/Src/i2s.o
 .debug_info    0x000017e7      0x51c ./Core/Src/lis302dl.o
 .debug_info    0x00001d03      0x4d2 ./Core/Src/lis3dsh.o
 .debug_info    0x000021d5      0x6f4 ./Core/Src/main.o
 .debug_info    0x000028c9      0x94d ./Core/Src/spi.o
 .debug_info    0x00003216     0x15d2 ./Core/Src/stm32f4_discovery.o
 .debug_info    0x000047e8      0x402 ./Core/Src/stm32f4_discovery_accelerometer.o
 .debug_info    0x00004bea      0x4b7 ./Core/Src/stm32f4xx_hal_msp.o
 .debug_info    0x000050a1      0x6ad ./Core/Src/stm32f4xx_it.o
 .debug_info    0x0000574e      0x168 ./Core/Src/sysmem.o
 .debug_info    0x000058b6      0x512 ./Core/Src/system_stm32f4xx.o
 .debug_info    0x00005dc8       0x30 ./Core/Startup/startup_stm32f407vgtx.o
 .debug_info    0x00005df8      0x944 ./Drivers/STM32F4xx_HAL_Driver/stm32f4xx_hal.o
 .debug_info    0x0000673c      0xd8c ./Drivers/STM32F4xx_HAL_Driver/stm32f4xx_hal_cortex.o
 .debug_info    0x000074c8      0x6c3 ./Drivers/STM32F4xx_HAL_Driver/stm32f4xx_hal_gpio.o
 .debug_info    0x00007b8b     0x114c ./Drivers/STM32F4xx_HAL_Driver/stm32f4xx_hal_hcd.o
 .debug_info    0x00008cd7     0x2415 ./Drivers/STM32F4xx_HAL_Driver/stm32f4xx_hal_i2c.o
 .debug_info    0x0000b0ec      0xdf8 ./Drivers/STM32F4xx_HAL_Driver/stm32f4xx_hal_i2s.o
 .debug_info    0x0000bee4      0xa9f ./Drivers/STM32F4xx_HAL_Driver/stm32f4xx_hal_i2s_ex.o
 .debug_info    0x0000c983      0x8af ./Drivers/STM32F4xx_HAL_Driver/stm32f4xx_hal_rcc.o
 .debug_info    0x0000d232      0x536 ./Drivers/STM32F4xx_HAL_Driver/stm32f4xx_hal_rcc_ex.o
 .debug_info    0x0000d768     0x1525 ./Drivers/STM32F4xx_HAL_Driver/stm32f4xx_hal_spi.o
 .debug_info    0x0000ec8d     0x1993 ./Drivers/STM32F4xx_HAL_Driver/stm32f4xx_ll_usb.o
 .debug_info    0x00010620     0x3a52 ./Middlewares/FreeRTOS/cmsis_os2.o
 .debug_info    0x00014072      0x2af ./Middlewares/FreeRTOS/list.o
 .debug_info    0x00014321      0x4de ./Middlewares/FreeRTOS/port.o
 .debug_info    0x000147ff     0x1b79 ./Middlewares/FreeRTOS/queue.o
 .debug_info    0x00016378     0x21ec ./Middlewares/FreeRTOS/tasks.o
 .debug_info    0x00018564     0x1463 ./Middlewares/USB_Host_Library/usbh_core.o
 .debug_info    0x000199c7      0xad0 ./Middlewares/USB_Host_Library/usbh_pipes.o
 .debug_info    0x0001a497     0x1d3f ./USB_HOST/Target/usbh_conf.o

.debug_abbrev   0x00000000     0x4a55
 .debug_abbrev  0x00000000      0x152 ./Core/Src/gpio.o
 .debug_abbrev  0x00000152      0x1f1 ./Core/Src/i2c.o
 .debug_abbrev  0x00000343      0x1ef ./Core/Src/i2s.o
 .debug_abbrev  0x00000532      0x1e4 ./Core/Src/lis302dl.o
 .debug_abbrev  0x00000716      0x1e4 ./Core/Src/lis3dsh.o
 .debug_abbrev  0x000008fa      0x23a ./Core/Src/main.o
 .debug_abbrev  0x00000b34      0x1fa ./Core/Src/spi.o
 .debug_abbrev  0x00000d2e      0x2fa ./Core/Src/stm32f4_discovery.o
 .debug_abbrev  0x00001028      0x165 ./Core/Src/stm32f4_discovery_accelerometer.o
 .debug_abbrev  0x0000118d      0x119 ./Core/Src/stm32f4xx_hal_msp.o
 .debug_abbrev  0x000012a6      0x1b9 ./Core/Src/stm32f4xx_it.o
 .debug_abbrev  0x0000145f       0xbc ./Core/Src/sysmem.o
 .debug_abbrev  0x0000151b      0x11a ./Core/Src/system_stm32f4xx.o
 .debug_abbrev  0x00001635       0x24 ./Core/Startup/startup_stm32f407vgtx.o
 .debug_abbrev  0x00001659      0x214 ./Drivers/STM32F4xx_HAL_Driver/stm32f4xx_hal.o
 .debug_abbrev  0x0000186d      0x31d ./Drivers/STM32F4xx_HAL_Driver/stm32f4xx_hal_cortex.o
 .debug_abbrev  0x00001b8a      0x1d4 ./Drivers/STM32F4xx_HAL_Driver/stm32f4xx_hal_gpio.o
 .debug_abbrev  0x00001d5e      0x296 ./Drivers/STM32F4xx_HAL_Driver/stm32f4xx_hal_hcd.o
 .debug_abbrev  0x00001ff4      0x2ad ./Drivers/STM32F4xx_HAL_Driver/stm32f4xx_hal_i2c.o
 .debug_abbrev  0x000022a1      0x256 ./Drivers/STM32F4xx_HAL_Driver/stm32f4xx_hal_i2s.o
 .debug_abbrev  0x000024f7      0x276 ./Drivers/STM32F4xx_HAL_Driver/stm32f4xx_hal_i2s_ex.o
 .debug_abbrev  0x0000276d      0x2b7 ./Drivers/STM32F4xx_HAL_Driver/stm32f4xx_hal_rcc.o
 .debug_abbrev  0x00002a24      0x1b0 ./Drivers/STM32F4xx_HAL_Driver/stm32f4xx_hal_rcc_ex.o
 .debug_abbrev  0x00002bd4      0x27a ./Drivers/STM32F4xx_HAL_Driver/stm32f4xx_hal_spi.o
 .debug_abbrev  0x00002e4e      0x2b3 ./Drivers/STM32F4xx_HAL_Driver/stm32f4xx_ll_usb.o
 .debug_abbrev  0x00003101      0x508 ./Middlewares/FreeRTOS/cmsis_os2.o
 .debug_abbrev  0x00003609       0xf5 ./Middlewares/FreeRTOS/list.o
 .debug_abbrev  0x000036fe      0x25c ./Middlewares/FreeRTOS/port.o
 .debug_abbrev  0x0000395a      0x3b6 ./Middlewares/FreeRTOS/queue.o
 .debug_abbrev  0x00003d10      0x386 ./Middlewares/FreeRTOS/tasks.o
 .debug_abbrev  0x00004096      0x397 ./Middlewares/USB_Host_Library/usbh_core.o
 .debug_abbrev  0x0000442d      0x281 ./Middlewares/USB_Host_Library/usbh_pipes.o
 .debug_abbrev  0x000046ae      0x3a7 ./USB_HOST/Target/usbh_conf.o

.debug_aranges  0x00000000     0x1878
 .debug_aranges
                0x00000000       0x20 ./Core/Src/gpio.o
 .debug_aranges
                0x00000020       0x30 ./Core/Src/i2c.o
 .debug_aranges
                0x00000050       0x30 ./Core/Src/i2s.o
 .debug_aranges
                0x00000080       0x78 ./Core/Src/lis302dl.o
 .debug_aranges
                0x000000f8       0x68 ./Core/Src/lis3dsh.o
 .debug_aranges
                0x00000160       0x38 ./Core/Src/main.o
 .debug_aranges
                0x00000198       0x30 ./Core/Src/spi.o
 .debug_aranges
                0x000001c8       0xd8 ./Core/Src/stm32f4_discovery.o
 .debug_aranges
                0x000002a0       0x48 ./Core/Src/stm32f4_discovery_accelerometer.o
 .debug_aranges
                0x000002e8       0x20 ./Core/Src/stm32f4xx_hal_msp.o
 .debug_aranges
                0x00000308       0x58 ./Core/Src/stm32f4xx_it.o
 .debug_aranges
                0x00000360       0x20 ./Core/Src/sysmem.o
 .debug_aranges
                0x00000380       0x28 ./Core/Src/system_stm32f4xx.o
 .debug_aranges
                0x000003a8       0x28 ./Core/Startup/startup_stm32f407vgtx.o
 .debug_aranges
                0x000003d0       0xf0 ./Drivers/STM32F4xx_HAL_Driver/stm32f4xx_hal.o
 .debug_aranges
                0x000004c0      0x130 ./Drivers/STM32F4xx_HAL_Driver/stm32f4xx_hal_cortex.o
 .debug_aranges
                0x000005f0       0x58 ./Drivers/STM32F4xx_HAL_Driver/stm32f4xx_hal_gpio.o
 .debug_aranges
                0x00000648      0x108 ./Drivers/STM32F4xx_HAL_Driver/stm32f4xx_hal_hcd.o
 .debug_aranges
                0x00000750      0x2a8 ./Drivers/STM32F4xx_HAL_Driver/stm32f4xx_hal_i2c.o
 .debug_aranges
                0x000009f8      0x108 ./Drivers/STM32F4xx_HAL_Driver/stm32f4xx_hal_i2s.o
 .debug_aranges
                0x00000b00       0x88 ./Drivers/STM32F4xx_HAL_Driver/stm32f4xx_hal_i2s_ex.o
 .debug_aranges
                0x00000b88       0x88 ./Drivers/STM32F4xx_HAL_Driver/stm32f4xx_hal_rcc.o
 .debug_aranges
                0x00000c10       0x48 ./Drivers/STM32F4xx_HAL_Driver/stm32f4xx_hal_rcc_ex.o
 .debug_aranges
                0x00000c58      0x1d0 ./Drivers/STM32F4xx_HAL_Driver/stm32f4xx_hal_spi.o
 .debug_aranges
                0x00000e28      0x1a0 ./Drivers/STM32F4xx_HAL_Driver/stm32f4xx_ll_usb.o
 .debug_aranges
                0x00000fc8      0x2a8 ./Middlewares/FreeRTOS/cmsis_os2.o
 .debug_aranges
                0x00001270       0x40 ./Middlewares/FreeRTOS/list.o
 .debug_aranges
                0x000012b0       0x80 ./Middlewares/FreeRTOS/port.o
 .debug_aranges
                0x00001330      0x158 ./Middlewares/FreeRTOS/queue.o
 .debug_aranges
                0x00001488      0x208 ./Middlewares/FreeRTOS/tasks.o
 .debug_aranges
                0x00001690       0xd0 ./Middlewares/USB_Host_Library/usbh_core.o
 .debug_aranges
                0x00001760       0x40 ./Middlewares/USB_Host_Library/usbh_pipes.o
 .debug_aranges
                0x000017a0       0xd8 ./USB_HOST/Target/usbh_conf.o

.debug_rnglists
                0x00000000     0x12a1
 .debug_rnglists
                0x00000000       0x14 ./Core/Src/gpio.o
 .debug_rnglists
                0x00000014       0x20 ./Core/Src/i2c.o
 .debug_rnglists
                0x00000034       0x20 ./Core/Src/i2s.o
 .debug_rnglists
                0x00000054       0x57 ./Core/Src/lis302dl.o
 .debug_rnglists
                0x000000ab       0x4b ./Core/Src/lis3dsh.o
 .debug_rnglists
                0x000000f6       0x26 ./Core/Src/main.o
 .debug_rnglists
                0x0000011c       0x20 ./Core/Src/spi.o
 .debug_rnglists
                0x0000013c       0xa0 ./Core/Src/stm32f4_discovery.o
 .debug_rnglists
                0x000001dc       0x32 ./Core/Src/stm32f4_discovery_accelerometer.o
 .debug_rnglists
                0x0000020e       0x13 ./Core/Src/stm32f4xx_hal_msp.o
 .debug_rnglists
                0x00000221       0x3d ./Core/Src/stm32f4xx_it.o
 .debug_rnglists
                0x0000025e       0x13 ./Core/Src/sysmem.o
 .debug_rnglists
                0x00000271       0x1a ./Core/Src/system_stm32f4xx.o
 .debug_rnglists
                0x0000028b       0x19 ./Core/Startup/startup_stm32f407vgtx.o
 .debug_rnglists
                0x000002a4       0xaf ./Drivers/STM32F4xx_HAL_Driver/stm32f4xx_hal.o
 .debug_rnglists
                0x00000353       0xe0 ./Drivers/STM32F4xx_HAL_Driver/stm32f4xx_hal_cortex.o
 .debug_rnglists
                0x00000433       0x3f ./Drivers/STM32F4xx_HAL_Driver/stm32f4xx_hal_gpio.o
 .debug_rnglists
                0x00000472       0xca ./Drivers/STM32F4xx_HAL_Driver/stm32f4xx_hal_hcd.o
 .debug_rnglists
                0x0000053c      0x23c ./Drivers/STM32F4xx_HAL_Driver/stm32f4xx_hal_i2c.o
 .debug_rnglists
                0x00000778       0xcc ./Drivers/STM32F4xx_HAL_Driver/stm32f4xx_hal_i2s.o
 .debug_rnglists
                0x00000844       0x6a ./Drivers/STM32F4xx_HAL_Driver/stm32f4xx_hal_i2s_ex.o
 .debug_rnglists
                0x000008ae       0x66 ./Drivers/STM32F4xx_HAL_Driver/stm32f4xx_hal_rcc.o
 .debug_rnglists
                0x00000914       0x35 ./Drivers/STM32F4xx_HAL_Driver/stm32f4xx_hal_rcc_ex.o
 .debug_rnglists
                0x00000949      0x16f ./Drivers/STM32F4xx_HAL_Driver/stm32f4xx_hal_spi.o
 .debug_rnglists
                0x00000ab8      0x147 ./Drivers/STM32F4xx_HAL_Driver/stm32f4xx_ll_usb.o
 .debug_rnglists
                0x00000bff      0x20c ./Middlewares/FreeRTOS/cmsis_os2.o
 .debug_rnglists
                0x00000e0b       0x2b ./Middlewares/FreeRTOS/list.o
 .debug_rnglists
                0x00000e36       0x5d ./Middlewares/FreeRTOS/port.o
 .debug_rnglists
                0x00000e93      0x109 ./Middlewares/FreeRTOS/queue.o
 .debug_rnglists
                0x00000f9c      0x1a0 ./Middlewares/FreeRTOS/tasks.o
 .debug_rnglists
                0x0000113c       0x9c ./Middlewares/USB_Host_Library/usbh_core.o
 .debug_rnglists
                0x000011d8       0x2b ./Middlewares/USB_Host_Library/usbh_pipes.o
 .debug_rnglists
                0x00001203       0x9e ./USB_HOST/Target/usbh_conf.o

.debug_macro    0x00000000     0x6889
 .debug_macro   0x00000000      0x21f ./Core/Src/gpio.o
 .debug_macro   0x0000021f      0x21f ./Core/Src/i2c.o
 .debug_macro   0x0000043e      0x21f ./Core/Src/i2s.o
 .debug_macro   0x0000065d       0x7c ./Core/Src/lis302dl.o
 .debug_macro   0x000006d9      0x1d0 ./Core/Src/lis302dl.o
 .debug_macro   0x000008a9       0x7c ./Core/Src/lis3dsh.o
 .debug_macro   0x00000925      0x426 ./Core/Src/lis3dsh.o
 .debug_macro   0x00000d4b      0x412 ./Core/Src/main.o
 .debug_macro   0x0000115d      0x169 ./Core/Src/main.o
 .debug_macro   0x000012c6       0x66 ./Core/Src/main.o
 .debug_macro   0x0000132c       0x61 ./Core/Src/main.o
 .debug_macro   0x0000138d       0x2a ./Core/Src/main.o
 .debug_macro   0x000013b7       0x43 ./Core/Src/main.o
 .debug_macro   0x000013fa       0x34 ./Core/Src/main.o
 .debug_macro   0x0000142e       0x16 ./Core/Src/main.o
 .debug_macro   0x00001444       0x43 ./Core/Src/main.o
 .debug_macro   0x00001487       0x34 ./Core/Src/main.o
 .debug_macro   0x000014bb       0x10 ./Core/Src/main.o
 .debug_macro   0x000014cb       0x58 ./Core/Src/main.o
 .debug_macro   0x00001523       0x8e ./Core/Src/main.o
 .debug_macro   0x000015b1       0x1c ./Core/Src/main.o
 .debug_macro   0x000015cd      0x177 ./Core/Src/main.o
 .debug_macro   0x00001744      0x369 ./Core/Src/main.o
 .debug_macro   0x00001aad       0x10 ./Core/Src/main.o
 .debug_macro   0x00001abd       0x35 ./Core/Src/main.o
 .debug_macro   0x00001af2       0x20 ./Core/Src/main.o
 .debug_macro   0x00001b12       0x1c ./Core/Src/main.o
 .debug_macro   0x00001b2e       0x10 ./Core/Src/main.o
 .debug_macro   0x00001b3e       0x1c ./Core/Src/main.o
 .debug_macro   0x00001b5a       0x16 ./Core/Src/main.o
 .debug_macro   0x00001b70      0x146 ./Core/Src/main.o
 .debug_macro   0x00001cb6      0x1e5 ./Core/Src/main.o
 .debug_macro   0x00001e9b      0x42c ./Core/Src/main.o
 .debug_macro   0x000022c7      0x21f ./Core/Src/spi.o
 .debug_macro   0x000024e6      0x233 ./Core/Src/stm32f4_discovery.o
 .debug_macro   0x00002719      0x1df ./Core/Src/stm32f4_discovery.o
 .debug_macro   0x000028f8      0x241 ./Core/Src/stm32f4_discovery_accelerometer.o
 .debug_macro   0x00002b39      0x215 ./Core/Src/stm32f4xx_hal_msp.o
 .debug_macro   0x00002d4e      0x287 ./Core/Src/stm32f4xx_it.o
 .debug_macro   0x00002fd5       0xff ./Core/Src/sysmem.o
 .debug_macro   0x000030d4      0x23c ./Core/Src/sysmem.o
 .debug_macro   0x00003310      0x206 ./Core/Src/system_stm32f4xx.o
 .debug_macro   0x00003516      0x266 ./Drivers/STM32F4xx_HAL_Driver/stm32f4xx_hal.o
 .debug_macro   0x0000377c      0x206 ./Drivers/STM32F4xx_HAL_Driver/stm32f4xx_hal_cortex.o
 .debug_macro   0x00003982      0x20c ./Drivers/STM32F4xx_HAL_Driver/stm32f4xx_hal_gpio.o
 .debug_macro   0x00003b8e      0x206 ./Drivers/STM32F4xx_HAL_Driver/stm32f4xx_hal_hcd.o
 .debug_macro   0x00003d94      0x254 ./Drivers/STM32F4xx_HAL_Driver/stm32f4xx_hal_i2c.o
 .debug_macro   0x00003fe8      0x20e ./Drivers/STM32F4xx_HAL_Driver/stm32f4xx_hal_i2s.o
 .debug_macro   0x000041f6      0x206 ./Drivers/STM32F4xx_HAL_Driver/stm32f4xx_hal_i2s_ex.o
 .debug_macro   0x000043fc      0x22a ./Drivers/STM32F4xx_HAL_Driver/stm32f4xx_hal_rcc.o
 .debug_macro   0x00004626      0x206 ./Drivers/STM32F4xx_HAL_Driver/stm32f4xx_hal_rcc_ex.o
 .debug_macro   0x0000482c      0x215 ./Drivers/STM32F4xx_HAL_Driver/stm32f4xx_hal_spi.o
 .debug_macro   0x00004a41      0x206 ./Drivers/STM32F4xx_HAL_Driver/stm32f4xx_ll_usb.o
 .debug_macro   0x00004c47      0x3fd ./Middlewares/FreeRTOS/cmsis_os2.o
 .debug_macro   0x00005044       0x10 ./Middlewares/FreeRTOS/cmsis_os2.o
 .debug_macro   0x00005054       0xf5 ./Middlewares/FreeRTOS/cmsis_os2.o
 .debug_macro   0x00005149       0x91 ./Middlewares/FreeRTOS/cmsis_os2.o
 .debug_macro   0x000051da       0x8d ./Middlewares/FreeRTOS/cmsis_os2.o
 .debug_macro   0x00005267       0x9a ./Middlewares/FreeRTOS/cmsis_os2.o
 .debug_macro   0x00005301       0x22 ./Middlewares/FreeRTOS/cmsis_os2.o
 .debug_macro   0x00005323       0x56 ./Middlewares/FreeRTOS/cmsis_os2.o
 .debug_macro   0x00005379      0x187 ./Middlewares/FreeRTOS/list.o
 .debug_macro   0x00005500      0x196 ./Middlewares/FreeRTOS/port.o
 .debug_macro   0x00005696      0x216 ./Middlewares/FreeRTOS/queue.o
 .debug_macro   0x000058ac       0x16 ./Middlewares/FreeRTOS/queue.o
 .debug_macro   0x000058c2       0x87 ./Middlewares/FreeRTOS/queue.o
 .debug_macro   0x00005949      0x27f ./Middlewares/FreeRTOS/tasks.o
 .debug_macro   0x00005bc8       0x10 ./Middlewares/FreeRTOS/tasks.o
 .debug_macro   0x00005bd8      0x43f ./Middlewares/USB_Host_Library/usbh_core.o
 .debug_macro   0x00006017      0x431 ./Middlewares/USB_Host_Library/usbh_pipes.o
 .debug_macro   0x00006448      0x441 ./USB_HOST/Target/usbh_conf.o

.debug_line     0x00000000    0x2195d
 .debug_line    0x00000000      0x904 ./Core/Src/gpio.o
 .debug_line    0x00000904      0x8f9 ./Core/Src/i2c.o
 .debug_line    0x000011fd      0x91d ./Core/Src/i2s.o
 .debug_line    0x00001b1a      0x64e ./Core/Src/lis302dl.o
 .debug_line    0x00002168      0x65d ./Core/Src/lis3dsh.o
 .debug_line    0x000027c5      0xda2 ./Core/Src/main.o
 .debug_line    0x00003567      0x901 ./Core/Src/spi.o
 .debug_line    0x00003e68      0xc41 ./Core/Src/stm32f4_discovery.o
 .debug_line    0x00004aa9      0xa69 ./Core/Src/stm32f4_discovery_accelerometer.o
 .debug_line    0x00005512      0x891 ./Core/Src/stm32f4xx_hal_msp.o
 .debug_line    0x00005da3      0xac2 ./Core/Src/stm32f4xx_it.o
 .debug_line    0x00006865      0x583 ./Core/Src/sysmem.o
 .debug_line    0x00006de8      0x914 ./Core/Src/system_stm32f4xx.o
 .debug_line    0x000076fc       0x7a ./Core/Startup/startup_stm32f407vgtx.o
 .debug_line    0x00007776      0xbb6 ./Drivers/STM32F4xx_HAL_Driver/stm32f4xx_hal.o
 .debug_line    0x0000832c      0xea8 ./Drivers/STM32F4xx_HAL_Driver/stm32f4xx_hal_cortex.o
 .debug_line    0x000091d4      0xd42 ./Drivers/STM32F4xx_HAL_Driver/stm32f4xx_hal_gpio.o
 .debug_line    0x00009f16     0x1677 ./Drivers/STM32F4xx_HAL_Driver/stm32f4xx_hal_hcd.o
 .debug_line    0x0000b58d     0x3cfc ./Drivers/STM32F4xx_HAL_Driver/stm32f4xx_hal_i2c.o
 .debug_line    0x0000f289     0x15aa ./Drivers/STM32F4xx_HAL_Driver/stm32f4xx_hal_i2s.o
 .debug_line    0x00010833     0x15df ./Drivers/STM32F4xx_HAL_Driver/stm32f4xx_hal_i2s_ex.o
 .debug_line    0x00011e12      0xf41 ./Drivers/STM32F4xx_HAL_Driver/stm32f4xx_hal_rcc.o
 .debug_line    0x00012d53      0xbca ./Drivers/STM32F4xx_HAL_Driver/stm32f4xx_hal_rcc_ex.o
 .debug_line    0x0001391d     0x1ed4 ./Drivers/STM32F4xx_HAL_Driver/stm32f4xx_hal_spi.o
 .debug_line    0x000157f1     0x1f91 ./Drivers/STM32F4xx_HAL_Driver/stm32f4xx_ll_usb.o
 .debug_line    0x00017782     0x2567 ./Middlewares/FreeRTOS/cmsis_os2.o
 .debug_line    0x00019ce9      0x841 ./Middlewares/FreeRTOS/list.o
 .debug_line    0x0001a52a      0x8ab ./Middlewares/FreeRTOS/port.o
 .debug_line    0x0001add5     0x180b ./Middlewares/FreeRTOS/queue.o
 .debug_line    0x0001c5e0     0x1edd ./Middlewares/FreeRTOS/tasks.o
 .debug_line    0x0001e4bd     0x15ec ./Middlewares/USB_Host_Library/usbh_core.o
 .debug_line    0x0001faa9      0xe13 ./Middlewares/USB_Host_Library/usbh_pipes.o
 .debug_line    0x000208bc     0x10a1 ./USB_HOST/Target/usbh_conf.o

.debug_str      0x00000000    0xd7fd0
 .debug_str     0x00000000    0xc0a54 ./Core/Src/gpio.o
                              0xc0cec (size before relaxing)
 .debug_str     0x000c0a54      0x531 ./Core/Src/i2c.o
                              0xc1209 (size before relaxing)
 .debug_str     0x000c0f85      0x290 ./Core/Src/i2s.o
                              0xc11f1 (size before relaxing)
 .debug_str     0x000c1215      0xd42 ./Core/Src/lis302dl.o
                               0x4acf (size before relaxing)
 .debug_str     0x000c1f57     0x1380 ./Core/Src/lis3dsh.o
                               0x51fe (size before relaxing)
 .debug_str     0x000c32d7     0x9034 ./Core/Src/main.o
                              0xcb98a (size before relaxing)
 .debug_str     0x000cc30b      0x19b ./Core/Src/spi.o
                              0xc1166 (size before relaxing)
 .debug_str     0x000cc4a6      0x915 ./Core/Src/stm32f4_discovery.o
                              0xc2413 (size before relaxing)
 .debug_str     0x000ccdbb      0x1cd ./Core/Src/stm32f4_discovery_accelerometer.o
                              0xc30a8 (size before relaxing)
 .debug_str     0x000ccf88       0x2c ./Core/Src/stm32f4xx_hal_msp.o
                              0xc111c (size before relaxing)
 .debug_str     0x000ccfb4      0x4c3 ./Core/Src/stm32f4xx_it.o
                              0xc4e3c (size before relaxing)
 .debug_str     0x000cd477      0x35c ./Core/Src/sysmem.o
                               0x60de (size before relaxing)
 .debug_str     0x000cd7d3       0xdb ./Core/Src/system_stm32f4xx.o
                              0xc065a (size before relaxing)
 .debug_str     0x000cd8ae       0x44 ./Core/Startup/startup_stm32f407vgtx.o
                                 0x91 (size before relaxing)
 .debug_str     0x000cd8f2      0x63c ./Drivers/STM32F4xx_HAL_Driver/stm32f4xx_hal.o
                              0xc1217 (size before relaxing)
 .debug_str     0x000cdf2e      0x3b8 ./Drivers/STM32F4xx_HAL_Driver/stm32f4xx_hal_cortex.o
                              0xc0f93 (size before relaxing)
 .debug_str     0x000ce2e6      0x136 ./Drivers/STM32F4xx_HAL_Driver/stm32f4xx_hal_gpio.o
                              0xc080e (size before relaxing)
 .debug_str     0x000ce41c      0x617 ./Drivers/STM32F4xx_HAL_Driver/stm32f4xx_hal_hcd.o
                              0xc0f7b (size before relaxing)
 .debug_str     0x000cea33      0xb33 ./Drivers/STM32F4xx_HAL_Driver/stm32f4xx_hal_i2c.o
                              0xc16b1 (size before relaxing)
 .debug_str     0x000cf566      0x2f6 ./Drivers/STM32F4xx_HAL_Driver/stm32f4xx_hal_i2s.o
                              0xc0c84 (size before relaxing)
 .debug_str     0x000cf85c      0x20a ./Drivers/STM32F4xx_HAL_Driver/stm32f4xx_hal_i2s_ex.o
                              0xc0b7f (size before relaxing)
 .debug_str     0x000cfa66      0x24c ./Drivers/STM32F4xx_HAL_Driver/stm32f4xx_hal_rcc.o
                              0xc0ac7 (size before relaxing)
 .debug_str     0x000cfcb2      0x117 ./Drivers/STM32F4xx_HAL_Driver/stm32f4xx_hal_rcc_ex.o
                              0xc07e5 (size before relaxing)
 .debug_str     0x000cfdc9      0x533 ./Drivers/STM32F4xx_HAL_Driver/stm32f4xx_hal_spi.o
                              0xc0f51 (size before relaxing)
 .debug_str     0x000d02fc      0x54c ./Drivers/STM32F4xx_HAL_Driver/stm32f4xx_ll_usb.o
                              0xc104c (size before relaxing)
 .debug_str     0x000d0848     0x34c4 ./Middlewares/FreeRTOS/cmsis_os2.o
                              0xcb29b (size before relaxing)
 .debug_str     0x000d3d0c      0x248 ./Middlewares/FreeRTOS/list.o
                               0xab31 (size before relaxing)
 .debug_str     0x000d3f54      0x869 ./Middlewares/FreeRTOS/port.o
                               0x877a (size before relaxing)
 .debug_str     0x000d47bd      0x891 ./Middlewares/FreeRTOS/queue.o
                               0xc671 (size before relaxing)
 .debug_str     0x000d504e     0x1020 ./Middlewares/FreeRTOS/tasks.o
                               0xd12e (size before relaxing)